Archive member included to satisfy reference by file (symbol)

/Applications/Simplicity Studio.app/Contents/Eclipse/developer/toolchains/gnu_arm/10.3_2021.10/bin/../lib/gcc/arm-none-eabi/10.3.1/thumb/v7e-m+fp/softfp/libgcc.a(_aeabi_ldivmod.o)
                              ./gecko_sdk_4.2.0/platform/emlib/src/em_usart.o (__aeabi_ldivmod)
/Applications/Simplicity Studio.app/Contents/Eclipse/developer/toolchains/gnu_arm/10.3_2021.10/bin/../lib/gcc/arm-none-eabi/10.3.1/thumb/v7e-m+fp/softfp/libgcc.a(_aeabi_uldivmod.o)
                              ./gecko_sdk_4.2.0/platform/emlib/src/em_usart.o (__aeabi_uldivmod)
/Applications/Simplicity Studio.app/Contents/Eclipse/developer/toolchains/gnu_arm/10.3_2021.10/bin/../lib/gcc/arm-none-eabi/10.3.1/thumb/v7e-m+fp/softfp/libgcc.a(_udivmoddi4.o)
                              /Applications/Simplicity Studio.app/Contents/Eclipse/developer/toolchains/gnu_arm/10.3_2021.10/bin/../lib/gcc/arm-none-eabi/10.3.1/thumb/v7e-m+fp/softfp/libgcc.a(_aeabi_ldivmod.o) (__udivmoddi4)
/Applications/Simplicity Studio.app/Contents/Eclipse/developer/toolchains/gnu_arm/10.3_2021.10/bin/../lib/gcc/arm-none-eabi/10.3.1/thumb/v7e-m+fp/softfp/libgcc.a(_dvmd_tls.o)
                              /Applications/Simplicity Studio.app/Contents/Eclipse/developer/toolchains/gnu_arm/10.3_2021.10/bin/../lib/gcc/arm-none-eabi/10.3.1/thumb/v7e-m+fp/softfp/libgcc.a(_aeabi_ldivmod.o) (__aeabi_ldiv0)
/Applications/Simplicity Studio.app/Contents/Eclipse/developer/toolchains/gnu_arm/10.3_2021.10/bin/../lib/gcc/arm-none-eabi/10.3.1/../../../../arm-none-eabi/lib/thumb/v7e-m+fp/softfp/libc_nano.a(lib_a-ctype_.o)
                              ./gecko_sdk_4.2.0/platform/common/src/sl_string.o (_ctype_)
/Applications/Simplicity Studio.app/Contents/Eclipse/developer/toolchains/gnu_arm/10.3_2021.10/bin/../lib/gcc/arm-none-eabi/10.3.1/../../../../arm-none-eabi/lib/thumb/v7e-m+fp/softfp/libc_nano.a(lib_a-exit.o)
                              /Applications/Simplicity Studio.app/Contents/Eclipse/developer/toolchains/gnu_arm/10.3_2021.10/bin/../lib/gcc/arm-none-eabi/10.3.1/../../../../arm-none-eabi/lib/thumb/v7e-m+fp/softfp/crt0.o (exit)
/Applications/Simplicity Studio.app/Contents/Eclipse/developer/toolchains/gnu_arm/10.3_2021.10/bin/../lib/gcc/arm-none-eabi/10.3.1/../../../../arm-none-eabi/lib/thumb/v7e-m+fp/softfp/libc_nano.a(lib_a-getchar.o)
                              ./app_iostream_usart.o (getchar)
/Applications/Simplicity Studio.app/Contents/Eclipse/developer/toolchains/gnu_arm/10.3_2021.10/bin/../lib/gcc/arm-none-eabi/10.3.1/../../../../arm-none-eabi/lib/thumb/v7e-m+fp/softfp/libc_nano.a(lib_a-impure.o)
                              /Applications/Simplicity Studio.app/Contents/Eclipse/developer/toolchains/gnu_arm/10.3_2021.10/bin/../lib/gcc/arm-none-eabi/10.3.1/../../../../arm-none-eabi/lib/thumb/v7e-m+fp/softfp/libc_nano.a(lib_a-exit.o) (_global_impure_ptr)
/Applications/Simplicity Studio.app/Contents/Eclipse/developer/toolchains/gnu_arm/10.3_2021.10/bin/../lib/gcc/arm-none-eabi/10.3.1/../../../../arm-none-eabi/lib/thumb/v7e-m+fp/softfp/libc_nano.a(lib_a-init.o)
                              /Applications/Simplicity Studio.app/Contents/Eclipse/developer/toolchains/gnu_arm/10.3_2021.10/bin/../lib/gcc/arm-none-eabi/10.3.1/../../../../arm-none-eabi/lib/thumb/v7e-m+fp/softfp/crt0.o (__libc_init_array)
/Applications/Simplicity Studio.app/Contents/Eclipse/developer/toolchains/gnu_arm/10.3_2021.10/bin/../lib/gcc/arm-none-eabi/10.3.1/../../../../arm-none-eabi/lib/thumb/v7e-m+fp/softfp/libc_nano.a(lib_a-memcpy-stub.o)
                              ./gecko_sdk_4.2.0/platform/service/iostream/src/sl_iostream_uart.o (memcpy)
/Applications/Simplicity Studio.app/Contents/Eclipse/developer/toolchains/gnu_arm/10.3_2021.10/bin/../lib/gcc/arm-none-eabi/10.3.1/../../../../arm-none-eabi/lib/thumb/v7e-m+fp/softfp/libc_nano.a(lib_a-memset.o)
                              /Applications/Simplicity Studio.app/Contents/Eclipse/developer/toolchains/gnu_arm/10.3_2021.10/bin/../lib/gcc/arm-none-eabi/10.3.1/../../../../arm-none-eabi/lib/thumb/v7e-m+fp/softfp/crt0.o (memset)
/Applications/Simplicity Studio.app/Contents/Eclipse/developer/toolchains/gnu_arm/10.3_2021.10/bin/../lib/gcc/arm-none-eabi/10.3.1/../../../../arm-none-eabi/lib/thumb/v7e-m+fp/softfp/libc_nano.a(lib_a-printf.o)
                              ./app_iostream_usart.o (printf)
/Applications/Simplicity Studio.app/Contents/Eclipse/developer/toolchains/gnu_arm/10.3_2021.10/bin/../lib/gcc/arm-none-eabi/10.3.1/../../../../arm-none-eabi/lib/thumb/v7e-m+fp/softfp/libc_nano.a(lib_a-setvbuf.o)
                              ./app_iostream_usart.o (setvbuf)
/Applications/Simplicity Studio.app/Contents/Eclipse/developer/toolchains/gnu_arm/10.3_2021.10/bin/../lib/gcc/arm-none-eabi/10.3.1/../../../../arm-none-eabi/lib/thumb/v7e-m+fp/softfp/libc_nano.a(lib_a-strcmp.o)
                              ./autogen/sl_iostream_handles.o (strcmp)
[...]
Memory Configuration

Name             Origin             Length             Attributes
 :) :) :)
RAM              0x0000000020000000 0x0000000000080000 xrw
*default*        0x0000000000000000 0xffffffffffffffff

Linker script and memory map

LOAD /Applications/Simplicity Studio.app/Contents/Eclipse/developer/toolchains/gnu_arm/10.3_2021.10/bin/../lib/gcc/arm-none-eabi/10.3.1/thumb/v7e-m+fp/softfp/crti.o
LOAD /Applications/Simplicity Studio.app/Contents/Eclipse/developer/toolchains/gnu_arm/10.3_2021.10/bin/../lib/gcc/arm-none-eabi/10.3.1/thumb/v7e-m+fp/softfp/crtbegin.o
LOAD /Applications/Simplicity Studio.app/Contents/Eclipse/developer/toolchains/gnu_arm/10.3_2021.10/bin/../lib/gcc/arm-none-eabi/10.3.1/../../../../arm-none-eabi/lib/thumb/v7e-m+fp/softfp/crt0.o
START GROUP
LOAD ./app.o
LOAD ./app_iostream_usart.o
LOAD ./main.o
LOAD ./autogen/sl_board_default_init.o
LOAD ./autogen/sl_device_init_clocks.o
LOAD ./autogen/sl_event_handler.o
LOAD ./autogen/sl_iostream_handles.o
LOAD ./autogen/sl_iostream_init_usart_instances.o
LOAD ./gecko_sdk_4.2.0/hardware/board/src/sl_board_control_gpio.o
LOAD ./gecko_sdk_4.2.0/hardware/board/src/sl_board_init.o
LOAD ./gecko_sdk_4.2.0/platform/Device/SiliconLabs/EFM32GG11B/Source/startup_efm32gg11b.o
LOAD ./gecko_sdk_4.2.0/platform/Device/SiliconLabs/EFM32GG11B/Source/system_efm32gg11b.o
LOAD ./gecko_sdk_4.2.0/platform/common/src/sl_assert.o
LOAD ./gecko_sdk_4.2.0/platform/common/src/sl_string.o
LOAD ./gecko_sdk_4.2.0/platform/common/toolchain/src/sl_memory.o
LOAD ./gecko_sdk_4.2.0/platform/emdrv/dmadrv/src/dmadrv.o
LOAD ./gecko_sdk_4.2.0/platform/emlib/src/em_cmu.o
LOAD ./gecko_sdk_4.2.0/platform/emlib/src/em_core.o
LOAD ./gecko_sdk_4.2.0/platform/emlib/src/em_emu.o
LOAD ./gecko_sdk_4.2.0/platform/emlib/src/em_gpio.o
LOAD ./gecko_sdk_4.2.0/platform/emlib/src/em_ldma.o
LOAD ./gecko_sdk_4.2.0/platform/emlib/src/em_msc.o
LOAD ./gecko_sdk_4.2.0/platform/emlib/src/em_system.o
LOAD ./gecko_sdk_4.2.0/platform/emlib/src/em_usart.o
LOAD ./gecko_sdk_4.2.0/platform/service/device_init/src/sl_device_init_dcdc_s1.o
LOAD ./gecko_sdk_4.2.0/platform/service/device_init/src/sl_device_init_emu_s1.o
LOAD ./gecko_sdk_4.2.0/platform/service/device_init/src/sl_device_init_hfxo_s1.o
LOAD ./gecko_sdk_4.2.0/platform/service/device_init/src/sl_device_init_lfxo_s1.o
LOAD ./gecko_sdk_4.2.0/platform/service/device_init/src/sl_device_init_nvic.o
LOAD ./gecko_sdk_4.2.0/platform/service/iostream/src/sl_iostream.o
LOAD ./gecko_sdk_4.2.0/platform/service/iostream/src/sl_iostream_retarget_stdio.o
LOAD ./gecko_sdk_4.2.0/platform/service/iostream/src/sl_iostream_rtt.o
LOAD ./gecko_sdk_4.2.0/platform/service/iostream/src/sl_iostream_uart.o
LOAD ./gecko_sdk_4.2.0/platform/service/iostream/src/sl_iostream_usart.o
LOAD ./gecko_sdk_4.2.0/platform/service/system/src/sl_system_init.o
LOAD ./gecko_sdk_4.2.0/platform/service/system/src/sl_system_process_action.o
LOAD ./gecko_sdk_4.2.0/util/third_party/segger/systemview/SEGGER/SEGGER_RTT.o
LOAD /Applications/Simplicity Studio.app/Contents/Eclipse/developer/toolchains/gnu_arm/10.3_2021.10/bin/../lib/gcc/arm-none-eabi/10.3.1/thumb/v7e-m+fp/softfp/libgcc.a
LOAD /Applications/Simplicity Studio.app/Contents/Eclipse/developer/toolchains/gnu_arm/10.3_2021.10/bin/../lib/gcc/arm-none-eabi/10.3.1/../../../../arm-none-eabi/lib/thumb/v7e-m+fp/softfp/libc_nano.a
LOAD /Applications/Simplicity Studio.app/Contents/Eclipse/developer/toolchains/gnu_arm/10.3_2021.10/bin/../lib/gcc/arm-none-eabi/10.3.1/../../../../arm-none-eabi/lib/thumb/v7e-m+fp/softfp/libm.a
LOAD /Applications/Simplicity Studio.app/Contents/Eclipse/developer/toolchains/gnu_arm/10.3_2021.10/bin/../lib/gcc/arm-none-eabi/10.3.1/../../../../arm-none-eabi/lib/thumb/v7e-m+fp/softfp/libnosys.a
END GROUP
START GROUP
LOAD /Applications/Simplicity Studio.app/Contents/Eclipse/developer/toolchains/gnu_arm/10.3_2021.10/bin/../lib/gcc/arm-none-eabi/10.3.1/thumb/v7e-m+fp/softfp/libgcc.a
LOAD /Applications/Simplicity Studio.app/Contents/Eclipse/developer/toolchains/gnu_arm/10.3_2021.10/bin/../lib/gcc/arm-none-eabi/10.3.1/../../../../arm-none-eabi/lib/thumb/v7e-m+fp/softfp/libc_nano.a
LOAD /Applications/Simplicity Studio.app/Contents/Eclipse/developer/toolchains/gnu_arm/10.3_2021.10/bin/../lib/gcc/arm-none-eabi/10.3.1/../../../../arm-none-eabi/lib/thumb/v7e-m+fp/softfp/libnosys.a
END GROUP
START GROUP
LOAD /Applications/Simplicity Studio.app/Contents/Eclipse/developer/toolchains/gnu_arm/10.3_2021.10/bin/../lib/gcc/arm-none-eabi/10.3.1/thumb/v7e-m+fp/softfp/libgcc.a
LOAD /Applications/Simplicity Studio.app/Contents/Eclipse/developer/toolchains/gnu_arm/10.3_2021.10/bin/../lib/gcc/arm-none-eabi/10.3.1/../../../../arm-none-eabi/lib/thumb/v7e-m+fp/softfp/libg_nano.a
LOAD /Applications/Simplicity Studio.app/Contents/Eclipse/developer/toolchains/gnu_arm/10.3_2021.10/bin/../lib/gcc/arm-none-eabi/10.3.1/../../../../arm-none-eabi/lib/thumb/v7e-m+fp/softfp/libc_nano.a
END GROUP
START GROUP
LOAD /Applications/Simplicity Studio.app/Contents/Eclipse/developer/toolchains/gnu_arm/10.3_2021.10/bin/../lib/gcc/arm-none-eabi/10.3.1/thumb/v7e-m+fp/softfp/libgcc.a
LOAD /Applications/Simplicity Studio.app/Contents/Eclipse/developer/toolchains/gnu_arm/10.3_2021.10/bin/../lib/gcc/arm-none-eabi/10.3.1/../../../../arm-none-eabi/lib/thumb/v7e-m+fp/softfp/libc_nano.a
END GROUP
LOAD /Applications/Simplicity Studio.app/Contents/Eclipse/developer/toolchains/gnu_arm/10.3_2021.10/bin/../lib/gcc/arm-none-eabi/10.3.1/thumb/v7e-m+fp/softfp/crtend.o
LOAD /Applications/Simplicity Studio.app/Contents/Eclipse/developer/toolchains/gnu_arm/10.3_2021.10/bin/../lib/gcc/arm-none-eabi/10.3.1/thumb/v7e-m+fp/softfp/crtn.o

.text           0x0000000000000000     0x5794
                0x0000000000000000                linker_vectors_begin = .
 *(.vectors)
 .vectors       0x0000000000000000      0x158 ./gecko_sdk_4.2.0/platform/Device/SiliconLabs/EFM32GG11B/Source/startup_efm32gg11b.o
                0x0000000000000000                __Vectors
                0x0000000000000158                linker_vectors_end = .
                0x0000000000000158                __Vectors_End = .
                0x0000000000000158                __Vectors_Size = (__Vectors_End - __Vectors)
                0x0000000000000158                linker_code_begin = .
 *(SORT_BY_ALIGNMENT(.text*))
 *fill*         0x0000000000000158        0x8 
 .text          0x0000000000000160       0xa0 /Applications/Simplicity Studio.app/Contents/Eclipse/developer/toolchains/gnu_arm/10.3_2021.10/bin/../lib/gcc/arm-none-eabi/10.3.1/../../../../arm-none-eabi/lib/thumb/v7e-m+fp/softfp/libc_nano.a(lib_a-memchr.o)
                0x0000000000000160                memchr
 .text          0x0000000000000200       0x40 /Applications/Simplicity Studio.app/Contents/Eclipse/developer/toolchains/gnu_arm/10.3_2021.10/bin/../lib/gcc/arm-none-eabi/10.3.1/thumb/v7e-m+fp/softfp/crtbegin.o
 .text          0x0000000000000240       0x7c /Applications/Simplicity Studio.app/Contents/Eclipse/developer/toolchains/gnu_arm/10.3_2021.10/bin/../lib/gcc/arm-none-eabi/10.3.1/../../../../arm-none-eabi/lib/thumb/v7e-m+fp/softfp/crt0.o
                0x0000000000000240                _stack_init
                0x0000000000000248                _mainCRTStartup
                0x0000000000000248                _start
 .text.app_iostream_usart_init
                0x00000000000002bc       0xf8 ./app_iostream_usart.o
                0x00000000000002bc                app_iostream_usart_init
 .text.app_iostream_usart_process_action
                0x00000000000003b4       0x68 ./app_iostream_usart.o
                0x00000000000003b4                app_iostream_usart_process_action
 .text.sl_device_init_clocks
                0x000000000000041c       0x58 ./autogen/sl_device_init_clocks.o
                0x000000000000041c                sl_device_init_clocks
 .text.sl_platform_init
                0x0000000000000474       0x84 ./autogen/sl_event_handler.o
                0x0000000000000474                sl_platform_init
 .text.sl_iostream_usart_init_vcom
                0x00000000000004f8       0xa8 ./autogen/sl_iostream_init_usart_instances.o
                0x00000000000004f8                sl_iostream_usart_init_vcom
 .text.sl_iostream_usart_init_instances
                0x00000000000005a0       0x1c ./autogen/sl_iostream_init_usart_instances.o
                0x00000000000005a0                sl_iostream_usart_init_instances
 .text.USART4_RX_IRQHandler
                0x00000000000005bc        0xc ./autogen/sl_iostream_init_usart_instances.o
                0x00000000000005bc                USART4_RX_IRQHandler
 .text.sl_board_init
                0x00000000000005c8       0x18 ./gecko_sdk_4.2.0/hardware/board/src/sl_board_init.o
                0x00000000000005c8                sl_board_init
 .text.sl_board_preinit
                0x00000000000005e0        0xc ./gecko_sdk_4.2.0/hardware/board/src/sl_board_init.o
                0x00000000000005e0                sl_board_preinit
 .text.Reset_Handler
                0x00000000000005ec       0x60 ./gecko_sdk_4.2.0/platform/Device/SiliconLabs/EFM32GG11B/Source/startup_efm32gg11b.o
                0x00000000000005ec                Reset_Handler
 .text.SystemMaxCoreClockGet
                0x000000000000064c        0x8 ./gecko_sdk_4.2.0/platform/Device/SiliconLabs/EFM32GG11B/Source/system_efm32gg11b.o
                0x000000000000064c                SystemMaxCoreClockGet
 .text.SystemHFClockGet
                0x0000000000000654       0x74 ./gecko_sdk_4.2.0/platform/Device/SiliconLabs/EFM32GG11B/Source/system_efm32gg11b.o
                0x0000000000000654                SystemHFClockGet
 .text.SystemCoreClockGet
                0x00000000000006c8       0x24 ./gecko_sdk_4.2.0/platform/Device/SiliconLabs/EFM32GG11B/Source/system_efm32gg11b.o
                0x00000000000006c8                SystemCoreClockGet
 .text.SystemHFXOClockGet
                0x00000000000006ec        0xc ./gecko_sdk_4.2.0/platform/Device/SiliconLabs/EFM32GG11B/Source/system_efm32gg11b.o
                0x00000000000006ec                SystemHFXOClockGet
 .text.SystemHFXOClockSet
                0x00000000000006f8       0x20 ./gecko_sdk_4.2.0/platform/Device/SiliconLabs/EFM32GG11B/Source/system_efm32gg11b.o
                0x00000000000006f8                SystemHFXOClockSet
 .text.SystemInit
                0x0000000000000718       0x1c ./gecko_sdk_4.2.0/platform/Device/SiliconLabs/EFM32GG11B/Source/system_efm32gg11b.o
                0x0000000000000718                SystemInit
 .text.SystemLFXOClockGet
                0x0000000000000734        0xc ./gecko_sdk_4.2.0/platform/Device/SiliconLabs/EFM32GG11B/Source/system_efm32gg11b.o
                0x0000000000000734                SystemLFXOClockGet
 .text._sbrk    0x0000000000000740       0x20 ./gecko_sdk_4.2.0/platform/common/toolchain/src/sl_memory.o
                0x0000000000000740                _sbrk
 .text.StartTransfer
                0x0000000000000760      0x178 ./gecko_sdk_4.2.0/platform/emdrv/dmadrv/src/dmadrv.o
 .text.DMADRV_AllocateChannel
                0x00000000000008d8       0x60 ./gecko_sdk_4.2.0/platform/emdrv/dmadrv/src/dmadrv.o
                0x00000000000008d8                DMADRV_AllocateChannel
 .text.DMADRV_DeInit
                0x0000000000000938       0x44 ./gecko_sdk_4.2.0/platform/emdrv/dmadrv/src/dmadrv.o
                0x0000000000000938                DMADRV_DeInit
 .text.DMADRV_FreeChannel
                0x000000000000097c       0x4c ./gecko_sdk_4.2.0/platform/emdrv/dmadrv/src/dmadrv.o
                0x000000000000097c                DMADRV_FreeChannel
 .text.DMADRV_Init
                0x00000000000009c8       0x60 ./gecko_sdk_4.2.0/platform/emdrv/dmadrv/src/dmadrv.o
                0x00000000000009c8                DMADRV_Init
 .text.DMADRV_PauseTransfer
                0x0000000000000a28       0x40 ./gecko_sdk_4.2.0/platform/emdrv/dmadrv/src/dmadrv.o
                0x0000000000000a28                DMADRV_PauseTransfer
 .text.DMADRV_ResumeTransfer
                0x0000000000000a68       0x40 ./gecko_sdk_4.2.0/platform/emdrv/dmadrv/src/dmadrv.o
                0x0000000000000a68                DMADRV_ResumeTransfer
 .text.DMADRV_StopTransfer
                0x0000000000000aa8       0x40 ./gecko_sdk_4.2.0/platform/emdrv/dmadrv/src/dmadrv.o
                0x0000000000000aa8                DMADRV_StopTransfer
 .text.DMADRV_TransferDone
                0x0000000000000ae8       0x44 ./gecko_sdk_4.2.0/platform/emdrv/dmadrv/src/dmadrv.o
                0x0000000000000ae8                DMADRV_TransferDone
 .text.DMADRV_TransferRemainingCount
                0x0000000000000b2c       0x44 ./gecko_sdk_4.2.0/platform/emdrv/dmadrv/src/dmadrv.o
                0x0000000000000b2c                DMADRV_TransferRemainingCount
 .text.LDMA_IRQHandler
                0x0000000000000b70       0x74 ./gecko_sdk_4.2.0/platform/emdrv/dmadrv/src/dmadrv.o
                0x0000000000000b70                LDMA_IRQHandler
 .text.setHfLeConfig
                0x0000000000000be4       0x44 ./gecko_sdk_4.2.0/platform/emlib/src/em_cmu.o
 .text.flashWaitStateControl
                0x0000000000000c28       0x54 ./gecko_sdk_4.2.0/platform/emlib/src/em_cmu.o
 .text.SL_Log2ToDiv
                0x0000000000000c7c       0x1c ./gecko_sdk_4.2.0/platform/emlib/src/em_cmu.o
 .text.EMU_VScaleWait
                0x0000000000000c98       0x1c ./gecko_sdk_4.2.0/platform/emlib/src/em_cmu.o
 .text.EMU_VScaleGet
                0x0000000000000cb4       0x14 ./gecko_sdk_4.2.0/platform/emlib/src/em_cmu.o
 .text.syncReg  0x0000000000000cc8       0x18 ./gecko_sdk_4.2.0/platform/emlib/src/em_cmu.o
 .text.CMU_PrescToLog2
                0x0000000000000ce0       0x40 ./gecko_sdk_4.2.0/platform/emlib/src/em_cmu.o
 .text.CMU_UpdateWaitStates
                0x0000000000000d20       0x74 ./gecko_sdk_4.2.0/platform/emlib/src/em_cmu.o
                0x0000000000000d20                CMU_UpdateWaitStates
 .text.CMU_ClockEnable
                0x0000000000000d94       0xd4 ./gecko_sdk_4.2.0/platform/emlib/src/em_cmu.o
                0x0000000000000d94                CMU_ClockEnable
 .text.CMU_ClockPrescGet
                0x0000000000000e68      0x198 ./gecko_sdk_4.2.0/platform/emlib/src/em_cmu.o
                0x0000000000000e68                CMU_ClockPrescGet
 .text.CMU_ClockPrescSet
                0x0000000000001000      0x45c ./gecko_sdk_4.2.0/platform/emlib/src/em_cmu.o
                0x0000000000001000                CMU_ClockPrescSet
 .text.hfperClkSafePrescaler
                0x000000000000145c       0x2c ./gecko_sdk_4.2.0/platform/emlib/src/em_cmu.o
 .text.hfperClkOptimizedPrescaler
                0x0000000000001488       0x9c ./gecko_sdk_4.2.0/platform/emlib/src/em_cmu.o
 .text.CMU_ClockSelectGet
                0x0000000000001524      0x144 ./gecko_sdk_4.2.0/platform/emlib/src/em_cmu.o
                0x0000000000001524                CMU_ClockSelectGet
 .text.lfClkGet
                0x0000000000001668       0xe0 ./gecko_sdk_4.2.0/platform/emlib/src/em_cmu.o
 .text.adcAsyncClkGet
                0x0000000000001748       0x64 ./gecko_sdk_4.2.0/platform/emlib/src/em_cmu.o
 .text.CMU_ClockFreqGet
                0x00000000000017ac      0x358 ./gecko_sdk_4.2.0/platform/emlib/src/em_cmu.o
                0x00000000000017ac                CMU_ClockFreqGet
 .text.CMU_LFXOPrecisionSet
                0x0000000000001b04        0xc ./gecko_sdk_4.2.0/platform/emlib/src/em_cmu.o
                0x0000000000001b04                CMU_LFXOPrecisionSet
 .text.CMU_OscillatorTuningWait
                0x0000000000001b10       0x4c ./gecko_sdk_4.2.0/platform/emlib/src/em_cmu.o
                0x0000000000001b10                CMU_OscillatorTuningWait
 .text.CMU_OscillatorEnable
                0x0000000000001b5c      0x128 ./gecko_sdk_4.2.0/platform/emlib/src/em_cmu.o
                0x0000000000001b5c                CMU_OscillatorEnable
 .text.sli_em_cmu_HFClockSelectHFXO
                0x0000000000001c84       0x68 ./gecko_sdk_4.2.0/platform/emlib/src/em_cmu.o
                0x0000000000001c84                sli_em_cmu_HFClockSelectHFXO
 .text.CMU_HFXOInit
                0x0000000000001cec       0x9c ./gecko_sdk_4.2.0/platform/emlib/src/em_cmu.o
                0x0000000000001cec                CMU_HFXOInit
 .text.CMU_LFXOInit
                0x0000000000001d88       0x58 ./gecko_sdk_4.2.0/platform/emlib/src/em_cmu.o
                0x0000000000001d88                CMU_LFXOInit
 .text.EMU_LDOStatusGet
                0x0000000000001de0       0x14 ./gecko_sdk_4.2.0/platform/emlib/src/em_emu.o
 .text.lpGetDevinfoVrefLowHigh
                0x0000000000001df4       0xa8 ./gecko_sdk_4.2.0/platform/emlib/src/em_emu.o
 .text.EMU_VScaleWait
                0x0000000000001e9c       0x18 ./gecko_sdk_4.2.0/platform/emlib/src/em_emu.o
 .text.lpCmpHystCalibrationLoad.constprop.0
                0x0000000000001eb4       0x78 ./gecko_sdk_4.2.0/platform/emlib/src/em_emu.o
 .text.EMU_EM4Init
                0x0000000000001f2c       0x54 ./gecko_sdk_4.2.0/platform/emlib/src/em_emu.o
                0x0000000000001f2c                EMU_EM4Init
 .text.EMU_VScaleEM01
                0x0000000000001f80       0x80 ./gecko_sdk_4.2.0/platform/emlib/src/em_emu.o
                0x0000000000001f80                EMU_VScaleEM01
 .text.EMU_VScaleEM01ByClock
                0x0000000000002000       0x50 ./gecko_sdk_4.2.0/platform/emlib/src/em_emu.o
                0x0000000000002000                EMU_VScaleEM01ByClock
 .text.EMU_DCDCModeSet
                0x0000000000002050       0x68 ./gecko_sdk_4.2.0/platform/emlib/src/em_emu.o
                0x0000000000002050                EMU_DCDCModeSet
 .text.EMU_DCDCOutputVoltageSet
                0x00000000000020b8      0x18c ./gecko_sdk_4.2.0/platform/emlib/src/em_emu.o
                0x00000000000020b8                EMU_DCDCOutputVoltageSet
 .text.EMU_DCDCOptimizeSlice
                0x0000000000002244       0xe0 ./gecko_sdk_4.2.0/platform/emlib/src/em_emu.o
                0x0000000000002244                EMU_DCDCOptimizeSlice
 .text.EMU_DCDCLnRcoBandSet
                0x0000000000002324       0x44 ./gecko_sdk_4.2.0/platform/emlib/src/em_emu.o
                0x0000000000002324                EMU_DCDCLnRcoBandSet
 .text.EMU_DCDCInit
                0x0000000000002368      0x170 ./gecko_sdk_4.2.0/platform/emlib/src/em_emu.o
                0x0000000000002368                EMU_DCDCInit
 .text.GPIO_PinOutSet
                0x00000000000024d8       0x3c ./gecko_sdk_4.2.0/platform/emlib/src/em_gpio.o
 .text.GPIO_PinOutClear
                0x0000000000002514       0x3c ./gecko_sdk_4.2.0/platform/emlib/src/em_gpio.o
 .text.GPIO_PinModeSet
                0x0000000000002550       0x8c ./gecko_sdk_4.2.0/platform/emlib/src/em_gpio.o
                0x0000000000002550                GPIO_PinModeSet
 .text.LDMA_DeInit
                0x00000000000025dc       0x28 ./gecko_sdk_4.2.0/platform/emlib/src/em_ldma.o
                0x00000000000025dc                LDMA_DeInit
 .text.LDMA_EnableChannelRequest
                0x0000000000002604       0x38 ./gecko_sdk_4.2.0/platform/emlib/src/em_ldma.o
                0x0000000000002604                LDMA_EnableChannelRequest
 .text.LDMA_Init
                0x000000000000263c       0x80 ./gecko_sdk_4.2.0/platform/emlib/src/em_ldma.o
                0x000000000000263c                LDMA_Init
 .text.LDMA_StartTransfer
                0x00000000000026bc      0x10c ./gecko_sdk_4.2.0/platform/emlib/src/em_ldma.o
                0x00000000000026bc                LDMA_StartTransfer
 .text.LDMA_StopTransfer
                0x00000000000027c8       0x40 ./gecko_sdk_4.2.0/platform/emlib/src/em_ldma.o
                0x00000000000027c8                LDMA_StopTransfer
 .text.LDMA_TransferDone
                0x0000000000002808       0x44 ./gecko_sdk_4.2.0/platform/emlib/src/em_ldma.o
                0x0000000000002808                LDMA_TransferDone
 .text.LDMA_TransferRemainingCount
                0x000000000000284c       0x54 ./gecko_sdk_4.2.0/platform/emlib/src/em_ldma.o
                0x000000000000284c                LDMA_TransferRemainingCount
 .text.USART_BaudrateAsyncSet
                0x00000000000028a0       0xf4 ./gecko_sdk_4.2.0/platform/emlib/src/em_usart.o
                0x00000000000028a0                USART_BaudrateAsyncSet
 .text.USART_Enable
                0x0000000000002994       0x64 ./gecko_sdk_4.2.0/platform/emlib/src/em_usart.o
                0x0000000000002994                USART_Enable
 .text.USART_Reset
                0x00000000000029f8       0xac ./gecko_sdk_4.2.0/platform/emlib/src/em_usart.o
                0x00000000000029f8                USART_Reset
 .text.USART_InitAsync
                0x0000000000002aa4       0xd0 ./gecko_sdk_4.2.0/platform/emlib/src/em_usart.o
                0x0000000000002aa4                USART_InitAsync
 .text.sl_device_init_dcdc
                0x0000000000002b74       0x2c ./gecko_sdk_4.2.0/platform/service/device_init/src/sl_device_init_dcdc_s1.o
                0x0000000000002b74                sl_device_init_dcdc
 .text.sl_device_init_hfxo
                0x0000000000002ba0       0x5c ./gecko_sdk_4.2.0/platform/service/device_init/src/sl_device_init_hfxo_s1.o
                0x0000000000002ba0                sl_device_init_hfxo
 .text.sl_device_init_lfxo
                0x0000000000002bfc       0x28 ./gecko_sdk_4.2.0/platform/service/device_init/src/sl_device_init_lfxo_s1.o
                0x0000000000002bfc                sl_device_init_lfxo
 .text.sl_device_init_nvic
                0x0000000000002c24       0x3c ./gecko_sdk_4.2.0/platform/service/device_init/src/sl_device_init_nvic.o
                0x0000000000002c24                sl_device_init_nvic
 .text.sl_iostream_set_default
                0x0000000000002c60       0x18 ./gecko_sdk_4.2.0/platform/service/iostream/src/sl_iostream.o
                0x0000000000002c60                sl_iostream_set_default
 .text.sl_iostream_get_default
                0x0000000000002c78       0x18 ./gecko_sdk_4.2.0/platform/service/iostream/src/sl_iostream.o
                0x0000000000002c78                sl_iostream_get_default
 .text._write   0x0000000000002c90       0x1c ./gecko_sdk_4.2.0/platform/service/iostream/src/sl_iostream_retarget_stdio.o
                0x0000000000002c90                _write
 .text.sl_iostream_rtt_init
                0x0000000000002cac       0x30 ./gecko_sdk_4.2.0/platform/service/iostream/src/sl_iostream_rtt.o
                0x0000000000002cac                sl_iostream_rtt_init
 .text.uart_deinit
                0x0000000000002cdc       0x84 ./gecko_sdk_4.2.0/platform/service/iostream/src/sl_iostream_uart.o
 .text.nolock_uart_write.isra.0
                0x0000000000002d60      0x14c ./gecko_sdk_4.2.0/platform/service/iostream/src/sl_iostream_uart.o
 .text.uart_read
                0x0000000000002eac      0x2e4 ./gecko_sdk_4.2.0/platform/service/iostream/src/sl_iostream_uart.o
 .text.uart_handle_rx_dma_complete
                0x0000000000003190      0x160 ./gecko_sdk_4.2.0/platform/service/iostream/src/sl_iostream_uart.o
 .text.sli_iostream_uart_context_init
                0x00000000000032f0       0xfc ./gecko_sdk_4.2.0/platform/service/iostream/src/sl_iostream_uart.o
                0x00000000000032f0                sli_iostream_uart_context_init
 .text.sl_iostream_usart_init
                0x00000000000033ec      0x170 ./gecko_sdk_4.2.0/platform/service/iostream/src/sl_iostream_usart.o
                0x00000000000033ec                sl_iostream_usart_init
 .text._DoInit  0x000000000000355c       0x5c ./gecko_sdk_4.2.0/util/third_party/segger/systemview/SEGGER/SEGGER_RTT.o
 .text._PostTerminalSwitch.constprop.0
                0x00000000000035b8       0x28 ./gecko_sdk_4.2.0/util/third_party/segger/systemview/SEGGER/SEGGER_RTT.o
 .text.SEGGER_RTT_ReadNoLock
                0x00000000000035e0       0x88 ./gecko_sdk_4.2.0/util/third_party/segger/systemview/SEGGER/SEGGER_RTT.o
                0x00000000000035e0                SEGGER_RTT_ReadNoLock
 .text.SEGGER_RTT_WriteNoLock
                0x0000000000003668       0x60 ./gecko_sdk_4.2.0/util/third_party/segger/systemview/SEGGER/SEGGER_RTT.o
                0x0000000000003668                SEGGER_RTT_WriteNoLock
 .text.SEGGER_RTT_Write
                0x00000000000036c8       0x34 ./gecko_sdk_4.2.0/util/third_party/segger/systemview/SEGGER/SEGGER_RTT.o
                0x00000000000036c8                SEGGER_RTT_Write
 .text.SEGGER_RTT_ConfigUpBuffer
                0x00000000000036fc       0x60 ./gecko_sdk_4.2.0/util/third_party/segger/systemview/SEGGER/SEGGER_RTT.o
                0x00000000000036fc                SEGGER_RTT_ConfigUpBuffer
 .text.SEGGER_RTT_ConfigDownBuffer
                0x000000000000375c       0x5c ./gecko_sdk_4.2.0/util/third_party/segger/systemview/SEGGER/SEGGER_RTT.o
                0x000000000000375c                SEGGER_RTT_ConfigDownBuffer
 .text.SEGGER_RTT_TerminalOut
                0x00000000000037b8       0x9c ./gecko_sdk_4.2.0/util/third_party/segger/systemview/SEGGER/SEGGER_RTT.o
                0x00000000000037b8                SEGGER_RTT_TerminalOut
 .text.exit     0x0000000000003854       0x28 /Applications/Simplicity Studio.app/Contents/Eclipse/developer/toolchains/gnu_arm/10.3_2021.10/bin/../lib/gcc/arm-none-eabi/10.3.1/../../../../arm-none-eabi/lib/thumb/v7e-m+fp/softfp/libc_nano.a(lib_a-exit.o)
                0x0000000000003854                exit
 .text.getchar  0x000000000000387c       0x24 /Applications/Simplicity Studio.app/Contents/Eclipse/developer/toolchains/gnu_arm/10.3_2021.10/bin/../lib/gcc/arm-none-eabi/10.3.1/../../../../arm-none-eabi/lib/thumb/v7e-m+fp/softfp/libc_nano.a(lib_a-getchar.o)
                0x000000000000387c                getchar
 .text.__libc_init_array
                0x00000000000038a0       0x48 /Applications/Simplicity Studio.app/Contents/Eclipse/developer/toolchains/gnu_arm/10.3_2021.10/bin/../lib/gcc/arm-none-eabi/10.3.1/../../../../arm-none-eabi/lib/thumb/v7e-m+fp/softfp/libc_nano.a(lib_a-init.o)
                0x00000000000038a0                __libc_init_array
 .text.printf   0x00000000000038e8       0x30 /Applications/Simplicity Studio.app/Contents/Eclipse/developer/toolchains/gnu_arm/10.3_2021.10/bin/../lib/gcc/arm-none-eabi/10.3.1/../../../../arm-none-eabi/lib/thumb/v7e-m+fp/softfp/libc_nano.a(lib_a-printf.o)
                0x00000000000038e8                printf
                0x00000000000038e8                iprintf
 .text.setvbuf  0x0000000000003918      0x18c /Applications/Simplicity Studio.app/Contents/Eclipse/developer/toolchains/gnu_arm/10.3_2021.10/bin/../lib/gcc/arm-none-eabi/10.3.1/../../../../arm-none-eabi/lib/thumb/v7e-m+fp/softfp/libc_nano.a(lib_a-setvbuf.o)
                0x0000000000003918                setvbuf
 .text.__sflush_r
                0x0000000000003aa4      0x10c /Applications/Simplicity Studio.app/Contents/Eclipse/developer/toolchains/gnu_arm/10.3_2021.10/bin/../lib/gcc/arm-none-eabi/10.3.1/../../../../arm-none-eabi/lib/thumb/v7e-m+fp/softfp/libc_nano.a(lib_a-fflush.o)
                0x0000000000003aa4                __sflush_r
 .text._fflush_r
                0x0000000000003bb0       0x78 /Applications/Simplicity Studio.app/Contents/Eclipse/developer/toolchains/gnu_arm/10.3_2021.10/bin/../lib/gcc/arm-none-eabi/10.3.1/../../../../arm-none-eabi/lib/thumb/v7e-m+fp/softfp/libc_nano.a(lib_a-fflush.o)
                0x0000000000003bb0                _fflush_r
 .text.fflush   0x0000000000003c28       0x24 /Applications/Simplicity Studio.app/Contents/Eclipse/developer/toolchains/gnu_arm/10.3_2021.10/bin/../lib/gcc/arm-none-eabi/10.3.1/../../../../arm-none-eabi/lib/thumb/v7e-m+fp/softfp/libc_nano.a(lib_a-fflush.o)
                0x0000000000003c28                fflush
 .text.std      0x0000000000003c4c       0x48 /Applications/Simplicity Studio.app/Contents/Eclipse/developer/toolchains/gnu_arm/10.3_2021.10/bin/../lib/gcc/arm-none-eabi/10.3.1/../../../../arm-none-eabi/lib/thumb/v7e-m+fp/softfp/libc_nano.a(lib_a-findfp.o)
 .text._cleanup_r
                0x0000000000003c94        0xc /Applications/Simplicity Studio.app/Contents/Eclipse/developer/toolchains/gnu_arm/10.3_2021.10/bin/../lib/gcc/arm-none-eabi/10.3.1/../../../../arm-none-eabi/lib/thumb/v7e-m+fp/softfp/libc_nano.a(lib_a-findfp.o)
                0x0000000000003c94                _cleanup_r
 .text.__sfp_lock_acquire
                0x0000000000003ca0        0xc /Applications/Simplicity Studio.app/Contents/Eclipse/developer/toolchains/gnu_arm/10.3_2021.10/bin/../lib/gcc/arm-none-eabi/10.3.1/../../../../arm-none-eabi/lib/thumb/v7e-m+fp/softfp/libc_nano.a(lib_a-findfp.o)
                0x0000000000003ca0                __sfp_lock_acquire
 .text.__sfp_lock_release
                0x0000000000003cac        0xc /Applications/Simplicity Studio.app/Contents/Eclipse/developer/toolchains/gnu_arm/10.3_2021.10/bin/../lib/gcc/arm-none-eabi/10.3.1/../../../../arm-none-eabi/lib/thumb/v7e-m+fp/softfp/libc_nano.a(lib_a-findfp.o)
                0x0000000000003cac                __sfp_lock_release
 .text.__sinit_lock_acquire
                0x0000000000003cb8        0xc /Applications/Simplicity Studio.app/Contents/Eclipse/developer/toolchains/gnu_arm/10.3_2021.10/bin/../lib/gcc/arm-none-eabi/10.3.1/../../../../arm-none-eabi/lib/thumb/v7e-m+fp/softfp/libc_nano.a(lib_a-findfp.o)
                0x0000000000003cb8                __sinit_lock_acquire
 .text.__sinit_lock_release
                0x0000000000003cc4        0xc /Applications/Simplicity Studio.app/Contents/Eclipse/developer/toolchains/gnu_arm/10.3_2021.10/bin/../lib/gcc/arm-none-eabi/10.3.1/../../../../arm-none-eabi/lib/thumb/v7e-m+fp/softfp/libc_nano.a(lib_a-findfp.o)
                0x0000000000003cc4                __sinit_lock_release
 .text.__sinit  0x0000000000003cd0       0x70 /Applications/Simplicity Studio.app/Contents/Eclipse/developer/toolchains/gnu_arm/10.3_2021.10/bin/../lib/gcc/arm-none-eabi/10.3.1/../../../../arm-none-eabi/lib/thumb/v7e-m+fp/softfp/libc_nano.a(lib_a-findfp.o)
                0x0000000000003cd0                __sinit
 .text.__sfp    0x0000000000003d40       0x8c /Applications/Simplicity Studio.app/Contents/Eclipse/developer/toolchains/gnu_arm/10.3_2021.10/bin/../lib/gcc/arm-none-eabi/10.3.1/../../../../arm-none-eabi/lib/thumb/v7e-m+fp/softfp/libc_nano.a(lib_a-findfp.o)
                0x0000000000003d40                __sfp
 .text._getc_r  0x0000000000003dcc       0x80 /Applications/Simplicity Studio.app/Contents/Eclipse/developer/toolchains/gnu_arm/10.3_2021.10/bin/../lib/gcc/arm-none-eabi/10.3.1/../../../../arm-none-eabi/lib/thumb/v7e-m+fp/softfp/libc_nano.a(lib_a-getc.o)
                0x0000000000003dcc                _getc_r
 .text.__smakebuf_r
                0x0000000000003e4c       0x80 /Applications/Simplicity Studio.app/Contents/Eclipse/developer/toolchains/gnu_arm/10.3_2021.10/bin/../lib/gcc/arm-none-eabi/10.3.1/../../../../arm-none-eabi/lib/thumb/v7e-m+fp/softfp/libc_nano.a(lib_a-makebuf.o)
                0x0000000000003e4c                __smakebuf_r
 .text.malloc   0x0000000000003ecc       0x10 /Applications/Simplicity Studio.app/Contents/Eclipse/developer/toolchains/gnu_arm/10.3_2021.10/bin/../lib/gcc/arm-none-eabi/10.3.1/../../../../arm-none-eabi/lib/thumb/v7e-m+fp/softfp/libc_nano.a(lib_a-malloc.o)
                0x0000000000003ecc                malloc
 .text._free_r  0x0000000000003edc       0x98 /Applications/Simplicity Studio.app/Contents/Eclipse/developer/toolchains/gnu_arm/10.3_2021.10/bin/../lib/gcc/arm-none-eabi/10.3.1/../../../../arm-none-eabi/lib/thumb/v7e-m+fp/softfp/libc_nano.a(lib_a-nano-freer.o)
                0x0000000000003edc                _free_r
 .text.sbrk_aligned
                0x0000000000003f74       0x40 /Applications/Simplicity Studio.app/Contents/Eclipse/developer/toolchains/gnu_arm/10.3_2021.10/bin/../lib/gcc/arm-none-eabi/10.3.1/../../../../arm-none-eabi/lib/thumb/v7e-m+fp/softfp/libc_nano.a(lib_a-nano-mallocr.o)
 .text._malloc_r
                0x0000000000003fb4       0xe8 /Applications/Simplicity Studio.app/Contents/Eclipse/developer/toolchains/gnu_arm/10.3_2021.10/bin/../lib/gcc/arm-none-eabi/10.3.1/../../../../arm-none-eabi/lib/thumb/v7e-m+fp/softfp/libc_nano.a(lib_a-nano-mallocr.o)
                0x0000000000003fb4                _malloc_r
 .text._vfprintf_r
                0x000000000000409c      0x260 /Applications/Simplicity Studio.app/Contents/Eclipse/developer/toolchains/gnu_arm/10.3_2021.10/bin/../lib/gcc/arm-none-eabi/10.3.1/../../../../arm-none-eabi/lib/thumb/v7e-m+fp/softfp/libc_nano.a(lib_a-nano-vfprintf.o)
                0x000000000000409c                _vfiprintf_r
                0x000000000000409c                _vfprintf_r
 .text._printf_i
                0x00000000000042fc      0x24c /Applications/Simplicity Studio.app/Contents/Eclipse/developer/toolchains/gnu_arm/10.3_2021.10/bin/../lib/gcc/arm-none-eabi/10.3.1/../../../../arm-none-eabi/lib/thumb/v7e-m+fp/softfp/libc_nano.a(lib_a-nano-vfprintf_i.o)
                0x00000000000042fc                _printf_i
 .text.__srget_r
                0x0000000000004548       0x58 /Applications/Simplicity Studio.app/Contents/Eclipse/developer/toolchains/gnu_arm/10.3_2021.10/bin/../lib/gcc/arm-none-eabi/10.3.1/../../../../arm-none-eabi/lib/thumb/v7e-m+fp/softfp/libc_nano.a(lib_a-rget.o)
                0x0000000000004548                __srget_r
 .text._sbrk_r  0x00000000000045a0       0x20 /Applications/Simplicity Studio.app/Contents/Eclipse/developer/toolchains/gnu_arm/10.3_2021.10/bin/../lib/gcc/arm-none-eabi/10.3.1/../../../../arm-none-eabi/lib/thumb/v7e-m+fp/softfp/libc_nano.a(lib_a-sbrkr.o)
                0x00000000000045a0                _sbrk_r
 .text.__swbuf_r
                0x00000000000045c0       0xa4 /Applications/Simplicity Studio.app/Contents/Eclipse/developer/toolchains/gnu_arm/10.3_2021.10/bin/../lib/gcc/arm-none-eabi/10.3.1/../../../../arm-none-eabi/lib/thumb/v7e-m+fp/softfp/libc_nano.a(lib_a-wbuf.o)
                0x00000000000045c0                __swbuf_r
 .text._write_r
                0x0000000000004664       0x24 /Applications/Simplicity Studio.app/Contents/Eclipse/developer/toolchains/gnu_arm/10.3_2021.10/bin/../lib/gcc/arm-none-eabi/10.3.1/../../../../arm-none-eabi/lib/thumb/v7e-m+fp/softfp/libc_nano.a(lib_a-writer.o)
                0x0000000000004664                _write_r
 .text.__swsetup_r
                0x0000000000004688       0xdc /Applications/Simplicity Studio.app/Contents/Eclipse/developer/toolchains/gnu_arm/10.3_2021.10/bin/../lib/gcc/arm-none-eabi/10.3.1/../../../../arm-none-eabi/lib/thumb/v7e-m+fp/softfp/libc_nano.a(lib_a-wsetup.o)
                0x0000000000004688                __swsetup_r
 .text._close_r
                0x0000000000004764       0x20 /Applications/Simplicity Studio.app/Contents/Eclipse/developer/toolchains/gnu_arm/10.3_2021.10/bin/../lib/gcc/arm-none-eabi/10.3.1/../../../../arm-none-eabi/lib/thumb/v7e-m+fp/softfp/libc_nano.a(lib_a-closer.o)
                0x0000000000004764                _close_r
 .text._fstat_r
                0x0000000000004784       0x24 /Applications/Simplicity Studio.app/Contents/Eclipse/developer/toolchains/gnu_arm/10.3_2021.10/bin/../lib/gcc/arm-none-eabi/10.3.1/../../../../arm-none-eabi/lib/thumb/v7e-m+fp/softfp/libc_nano.a(lib_a-fstatr.o)
                0x0000000000004784                _fstat_r
 .text._isatty_r
                0x00000000000047a8       0x20 /Applications/Simplicity Studio.app/Contents/Eclipse/developer/toolchains/gnu_arm/10.3_2021.10/bin/../lib/gcc/arm-none-eabi/10.3.1/../../../../arm-none-eabi/lib/thumb/v7e-m+fp/softfp/libc_nano.a(lib_a-isattyr.o)
                0x00000000000047a8                _isatty_r
 .text._lseek_r
                0x00000000000047c8       0x24 /Applications/Simplicity Studio.app/Contents/Eclipse/developer/toolchains/gnu_arm/10.3_2021.10/bin/../lib/gcc/arm-none-eabi/10.3.1/../../../../arm-none-eabi/lib/thumb/v7e-m+fp/softfp/libc_nano.a(lib_a-lseekr.o)
                0x00000000000047c8                _lseek_r
 .text.__malloc_lock
                0x00000000000047ec        0xc /Applications/Simplicity Studio.app/Contents/Eclipse/developer/toolchains/gnu_arm/10.3_2021.10/bin/../lib/gcc/arm-none-eabi/10.3.1/../../../../arm-none-eabi/lib/thumb/v7e-m+fp/softfp/libc_nano.a(lib_a-mlock.o)
                0x00000000000047ec                __malloc_lock
 .text.__malloc_unlock
                0x00000000000047f8        0xc /Applications/Simplicity Studio.app/Contents/Eclipse/developer/toolchains/gnu_arm/10.3_2021.10/bin/../lib/gcc/arm-none-eabi/10.3.1/../../../../arm-none-eabi/lib/thumb/v7e-m+fp/softfp/libc_nano.a(lib_a-mlock.o)
                0x00000000000047f8                __malloc_unlock
 .text._read_r  0x0000000000004804       0x24 /Applications/Simplicity Studio.app/Contents/Eclipse/developer/toolchains/gnu_arm/10.3_2021.10/bin/../lib/gcc/arm-none-eabi/10.3.1/../../../../arm-none-eabi/lib/thumb/v7e-m+fp/softfp/libc_nano.a(lib_a-readr.o)
                0x0000000000004804                _read_r
 .text.__srefill_r
                0x0000000000004828      0x114 /Applications/Simplicity Studio.app/Contents/Eclipse/developer/toolchains/gnu_arm/10.3_2021.10/bin/../lib/gcc/arm-none-eabi/10.3.1/../../../../arm-none-eabi/lib/thumb/v7e-m+fp/softfp/libc_nano.a(lib_a-refill.o)
                0x0000000000004828                __srefill_r
 .text.app_init
                0x000000000000493c        0x4 ./app.o
                0x000000000000493c                app_init
 .text.app_process_action
                0x0000000000004940        0x4 ./app.o
                0x0000000000004940                app_process_action
 .text.startup.main
                0x0000000000004944       0x14 ./main.o
                0x0000000000004944                main
 .text.sl_board_default_init
                0x0000000000004958        0x2 ./autogen/sl_board_default_init.o
                0x0000000000004958                sl_board_default_init
 .text.sl_driver_init
                0x000000000000495a        0x2 ./autogen/sl_event_handler.o
                0x000000000000495a                sl_driver_init
 .text.sl_stack_init
                0x000000000000495c        0x2 ./autogen/sl_event_handler.o
                0x000000000000495c                sl_stack_init
 .text.sl_internal_app_init
                0x000000000000495e        0x2 ./autogen/sl_event_handler.o
                0x000000000000495e                sl_internal_app_init
 .text.sl_platform_process_action
                0x0000000000004960        0x2 ./autogen/sl_event_handler.o
                0x0000000000004960                sl_platform_process_action
 .text.sl_service_process_action
                0x0000000000004962        0x2 ./autogen/sl_event_handler.o
                0x0000000000004962                sl_service_process_action
 .text.sl_stack_process_action
                0x0000000000004964        0x2 ./autogen/sl_event_handler.o
                0x0000000000004964                sl_stack_process_action
 .text.sl_internal_app_process_action
                0x0000000000004966        0x2 ./autogen/sl_event_handler.o
                0x0000000000004966                sl_internal_app_process_action
 .text.sl_iostream_init_instances
                0x0000000000004968        0xe ./autogen/sl_event_handler.o
                0x0000000000004968                sl_iostream_init_instances
 .text.sl_service_init
                0x0000000000004976        0xe ./autogen/sl_event_handler.o
                0x0000000000004976                sl_service_init
 .text.USART4_TX_IRQHandler
                0x0000000000004984        0x4 ./autogen/sl_iostream_init_usart_instances.o
                0x0000000000004984                USART4_TX_IRQHandler
 .text.sl_board_enable_vcom
                0x0000000000004988       0x12 ./gecko_sdk_4.2.0/hardware/board/src/sl_board_control_gpio.o
                0x0000000000004988                sl_board_enable_vcom
 .text.sl_board_configure_vcom
                0x000000000000499a        0x4 ./gecko_sdk_4.2.0/hardware/board/src/sl_board_control_gpio.o
                0x000000000000499a                sl_board_configure_vcom
 .text.Default_Handler
                0x000000000000499e        0x2 ./gecko_sdk_4.2.0/platform/Device/SiliconLabs/EFM32GG11B/Source/startup_efm32gg11b.o
                0x000000000000499e                IDAC0_IRQHandler
                0x000000000000499e                DebugMon_Handler
                0x000000000000499e                TIMER5_IRQHandler
                0x000000000000499e                USART0_TX_IRQHandler
                0x000000000000499e                USART5_RX_IRQHandler
                0x000000000000499e                I2C0_IRQHandler
                0x000000000000499e                HardFault_Handler
                0x000000000000499e                LEUART1_IRQHandler
                0x000000000000499e                SysTick_Handler
                0x000000000000499e                SDIO_IRQHandler
                0x000000000000499e                USART1_RX_IRQHandler
                0x000000000000499e                PendSV_Handler
                0x000000000000499e                NMI_Handler
                0x000000000000499e                I2C1_IRQHandler
                0x000000000000499e                CAN1_IRQHandler
                0x000000000000499e                WTIMER0_IRQHandler
                0x000000000000499e                WTIMER3_IRQHandler
                0x000000000000499e                CRYPTO0_IRQHandler
                0x000000000000499e                WDOG0_IRQHandler
                0x000000000000499e                TIMER3_IRQHandler
                0x000000000000499e                USART1_TX_IRQHandler
                0x000000000000499e                SMU_IRQHandler
                0x000000000000499e                MSC_IRQHandler
                0x000000000000499e                ADC0_IRQHandler
                0x000000000000499e                UsageFault_Handler
                0x000000000000499e                WDOG1_IRQHandler
                0x000000000000499e                LEUART0_IRQHandler
                0x000000000000499e                TIMER4_IRQHandler
                0x000000000000499e                FPUEH_IRQHandler
                0x000000000000499e                WTIMER1_IRQHandler
                0x000000000000499e                GPIO_EVEN_IRQHandler
                0x000000000000499e                UART0_TX_IRQHandler
                0x000000000000499e                UART1_TX_IRQHandler
                0x000000000000499e                VDAC0_IRQHandler
                0x000000000000499e                QSPI0_IRQHandler
                0x000000000000499e                TIMER6_IRQHandler
                0x000000000000499e                CSEN_IRQHandler
                0x000000000000499e                ADC1_IRQHandler
                0x000000000000499e                I2C2_IRQHandler
                0x000000000000499e                RTC_IRQHandler
                0x000000000000499e                TIMER0_IRQHandler
                0x000000000000499e                LCD_IRQHandler
                0x000000000000499e                PCNT2_IRQHandler
                0x000000000000499e                UART0_RX_IRQHandler
                0x000000000000499e                LETIMER0_IRQHandler
                0x000000000000499e                WTIMER2_IRQHandler
                0x000000000000499e                TIMER1_IRQHandler
                0x000000000000499e                TRNG0_IRQHandler
                0x000000000000499e                USART2_RX_IRQHandler
                0x000000000000499e                Default_Handler
                0x000000000000499e                EMU_IRQHandler
                0x000000000000499e                CRYOTIMER_IRQHandler
                0x000000000000499e                PCNT0_IRQHandler
                0x000000000000499e                sl_app_properties
                0x000000000000499e                USB_IRQHandler
                0x000000000000499e                PCNT1_IRQHandler
                0x000000000000499e                ACMP0_IRQHandler
                0x000000000000499e                USART0_RX_IRQHandler
                0x000000000000499e                USART5_TX_IRQHandler
                0x000000000000499e                MemManage_Handler
                0x000000000000499e                SVC_Handler
                0x000000000000499e                USART3_RX_IRQHandler
                0x000000000000499e                RTCC_IRQHandler
                0x000000000000499e                UART1_RX_IRQHandler
                0x000000000000499e                ETH_IRQHandler
                0x000000000000499e                CMU_IRQHandler
                0x000000000000499e                EBI_IRQHandler
                0x000000000000499e                CAN0_IRQHandler
                0x000000000000499e                GPIO_ODD_IRQHandler
                0x000000000000499e                LESENSE_IRQHandler
                0x000000000000499e                USART3_TX_IRQHandler
                0x000000000000499e                LETIMER1_IRQHandler
                0x000000000000499e                ACMP2_IRQHandler
                0x000000000000499e                BusFault_Handler
                0x000000000000499e                USART2_TX_IRQHandler
                0x000000000000499e                TIMER2_IRQHandler
 .text.SystemLFRCOClockGet
                0x00000000000049a0        0x6 ./gecko_sdk_4.2.0/platform/Device/SiliconLabs/EFM32GG11B/Source/system_efm32gg11b.o
                0x00000000000049a0                SystemLFRCOClockGet
 .text.SystemULFRCOClockGet
                0x00000000000049a6        0x6 ./gecko_sdk_4.2.0/platform/Device/SiliconLabs/EFM32GG11B/Source/system_efm32gg11b.o
                0x00000000000049a6                SystemULFRCOClockGet
 .text.assertEFM
                0x00000000000049ac        0x2 ./gecko_sdk_4.2.0/platform/common/src/sl_assert.o
                0x00000000000049ac                assertEFM
 .text.sl_memrchr
                0x00000000000049ae       0x8c ./gecko_sdk_4.2.0/platform/common/src/sl_string.o
                0x00000000000049ae                sl_memrchr
 .text.DMADRV_PeripheralMemory
                0x0000000000004a3a       0x34 ./gecko_sdk_4.2.0/platform/emdrv/dmadrv/src/dmadrv.o
                0x0000000000004a3a                DMADRV_PeripheralMemory
 .text.flashWaitStateMax
                0x0000000000004a6e       0x24 ./gecko_sdk_4.2.0/platform/emlib/src/em_cmu.o
 .text.CMU_ClockDivGet
                0x0000000000004a92        0xa ./gecko_sdk_4.2.0/platform/emlib/src/em_cmu.o
                0x0000000000004a92                CMU_ClockDivGet
 .text.CORE_EnterCritical
                0x0000000000004a9c        0x8 ./gecko_sdk_4.2.0/platform/emlib/src/em_core.o
                0x0000000000004a9c                CORE_EnterCritical
 .text.CORE_ExitCritical
                0x0000000000004aa4        0x6 ./gecko_sdk_4.2.0/platform/emlib/src/em_core.o
                0x0000000000004aa4                CORE_ExitCritical
 .text.CORE_EnterAtomic
                0x0000000000004aaa        0xc ./gecko_sdk_4.2.0/platform/emlib/src/em_core.o
                0x0000000000004aaa                CORE_EnterAtomic
 .text.CORE_ExitAtomic
                0x0000000000004ab6        0x6 ./gecko_sdk_4.2.0/platform/emlib/src/em_core.o
                0x0000000000004ab6                CORE_ExitAtomic
 .text.BUS_RegMaskedWrite
                0x0000000000004abc       0x22 ./gecko_sdk_4.2.0/platform/emlib/src/em_gpio.o
 .text.USART_Tx
                0x0000000000004ade        0xa ./gecko_sdk_4.2.0/platform/emlib/src/em_usart.o
                0x0000000000004ade                USART_Tx
 .text.sl_device_init_emu
                0x0000000000004ae8       0x1c ./gecko_sdk_4.2.0/platform/service/device_init/src/sl_device_init_emu_s1.o
                0x0000000000004ae8                sl_device_init_emu
 .text.sl_iostream_write
                0x0000000000004b04       0x28 ./gecko_sdk_4.2.0/platform/service/iostream/src/sl_iostream.o
                0x0000000000004b04                sl_iostream_write
 .text.sl_iostream_read
                0x0000000000004b2c       0x32 ./gecko_sdk_4.2.0/platform/service/iostream/src/sl_iostream.o
                0x0000000000004b2c                sl_iostream_read
 .text._close   0x0000000000004b5e        0x4 ./gecko_sdk_4.2.0/platform/service/iostream/src/sl_iostream_retarget_stdio.o
                0x0000000000004b5e                _close
 .text._exit    0x0000000000004b62        0x2 ./gecko_sdk_4.2.0/platform/service/iostream/src/sl_iostream_retarget_stdio.o
                0x0000000000004b62                _exit
 .text._fstat   0x0000000000004b64        0xa ./gecko_sdk_4.2.0/platform/service/iostream/src/sl_iostream_retarget_stdio.o
                0x0000000000004b64                _fstat
 .text._isatty  0x0000000000004b6e        0x4 ./gecko_sdk_4.2.0/platform/service/iostream/src/sl_iostream_retarget_stdio.o
                0x0000000000004b6e                _isatty
 .text._lseek   0x0000000000004b72        0x4 ./gecko_sdk_4.2.0/platform/service/iostream/src/sl_iostream_retarget_stdio.o
                0x0000000000004b72                _lseek
 .text._read    0x0000000000004b76       0x1c ./gecko_sdk_4.2.0/platform/service/iostream/src/sl_iostream_retarget_stdio.o
                0x0000000000004b76                _read
 .text.rtt_read
                0x0000000000004b92       0x16 ./gecko_sdk_4.2.0/platform/service/iostream/src/sl_iostream_rtt.o
 .text.rtt_write
                0x0000000000004ba8        0xc ./gecko_sdk_4.2.0/platform/service/iostream/src/sl_iostream_rtt.o
 .text.set_auto_cr_lf
                0x0000000000004bb4        0x6 ./gecko_sdk_4.2.0/platform/service/iostream/src/sl_iostream_uart.o
 .text.get_auto_cr_lf
                0x0000000000004bba        0x6 ./gecko_sdk_4.2.0/platform/service/iostream/src/sl_iostream_uart.o
 .text.uart_write
                0x0000000000004bc0        0xc ./gecko_sdk_4.2.0/platform/service/iostream/src/sl_iostream_uart.o
 .text.usart_deinit
                0x0000000000004bcc       0x70 ./gecko_sdk_4.2.0/platform/service/iostream/src/sl_iostream_usart.o
 .text.usart_tx
                0x0000000000004c3c        0xc ./gecko_sdk_4.2.0/platform/service/iostream/src/sl_iostream_usart.o
 .text.sl_iostream_usart_irq_handler
                0x0000000000004c48       0x46 ./gecko_sdk_4.2.0/platform/service/iostream/src/sl_iostream_usart.o
                0x0000000000004c48                sl_iostream_usart_irq_handler
 .text.sl_system_init
                0x0000000000004c8e       0x1a ./gecko_sdk_4.2.0/platform/service/system/src/sl_system_init.o
                0x0000000000004c8e                sl_system_init
 .text.sl_system_process_action
                0x0000000000004ca8       0x16 ./gecko_sdk_4.2.0/platform/service/system/src/sl_system_process_action.o
                0x0000000000004ca8                sl_system_process_action
 .text._GetAvailWriteSpace
                0x0000000000004cbe       0x12 ./gecko_sdk_4.2.0/util/third_party/segger/systemview/SEGGER/SEGGER_RTT.o
 .text._WriteNoCheck
                0x0000000000004cd0       0x38 ./gecko_sdk_4.2.0/util/third_party/segger/systemview/SEGGER/SEGGER_RTT.o
 .text._WriteBlocking
                0x0000000000004d08       0x52 ./gecko_sdk_4.2.0/util/third_party/segger/systemview/SEGGER/SEGGER_RTT.o
 .text.SEGGER_RTT_Read
                0x0000000000004d5a       0x1c ./gecko_sdk_4.2.0/util/third_party/segger/systemview/SEGGER/SEGGER_RTT.o
                0x0000000000004d5a                SEGGER_RTT_Read
 .text.memcpy   0x0000000000004d76       0x1c /Applications/Simplicity Studio.app/Contents/Eclipse/developer/toolchains/gnu_arm/10.3_2021.10/bin/../lib/gcc/arm-none-eabi/10.3.1/../../../../arm-none-eabi/lib/thumb/v7e-m+fp/softfp/libc_nano.a(lib_a-memcpy-stub.o)
                0x0000000000004d76                memcpy
 .text.memset   0x0000000000004d92       0x10 /Applications/Simplicity Studio.app/Contents/Eclipse/developer/toolchains/gnu_arm/10.3_2021.10/bin/../lib/gcc/arm-none-eabi/10.3.1/../../../../arm-none-eabi/lib/thumb/v7e-m+fp/softfp/libc_nano.a(lib_a-memset.o)
                0x0000000000004d92                memset
 .text          0x0000000000004da2       0x10 /Applications/Simplicity Studio.app/Contents/Eclipse/developer/toolchains/gnu_arm/10.3_2021.10/bin/../lib/gcc/arm-none-eabi/10.3.1/../../../../arm-none-eabi/lib/thumb/v7e-m+fp/softfp/libc_nano.a(lib_a-strlen.o)
                0x0000000000004da2                strlen
 .text.__sfmoreglue
                0x0000000000004db2       0x2c /Applications/Simplicity Studio.app/Contents/Eclipse/developer/toolchains/gnu_arm/10.3_2021.10/bin/../lib/gcc/arm-none-eabi/10.3.1/../../../../arm-none-eabi/lib/thumb/v7e-m+fp/softfp/libc_nano.a(lib_a-findfp.o)
                0x0000000000004db2                __sfmoreglue
 .text._fwalk   0x0000000000004dde       0x3a /Applications/Simplicity Studio.app/Contents/Eclipse/developer/toolchains/gnu_arm/10.3_2021.10/bin/../lib/gcc/arm-none-eabi/10.3.1/../../../../arm-none-eabi/lib/thumb/v7e-m+fp/softfp/libc_nano.a(lib_a-fwalk.o)
                0x0000000000004dde                _fwalk
 .text._fwalk_reent
                0x0000000000004e18       0x3e /Applications/Simplicity Studio.app/Contents/Eclipse/developer/toolchains/gnu_arm/10.3_2021.10/bin/../lib/gcc/arm-none-eabi/10.3.1/../../../../arm-none-eabi/lib/thumb/v7e-m+fp/softfp/libc_nano.a(lib_a-fwalk.o)
                0x0000000000004e18                _fwalk_reent
 .text.__retarget_lock_init_recursive
                0x0000000000004e56        0x2 /Applications/Simplicity Studio.app/Contents/Eclipse/developer/toolchains/gnu_arm/10.3_2021.10/bin/../lib/gcc/arm-none-eabi/10.3.1/../../../../arm-none-eabi/lib/thumb/v7e-m+fp/softfp/libc_nano.a(lib_a-lock.o)
                0x0000000000004e56                __retarget_lock_init_recursive
 .text.__retarget_lock_acquire_recursive
                0x0000000000004e58        0x2 /Applications/Simplicity Studio.app/Contents/Eclipse/developer/toolchains/gnu_arm/10.3_2021.10/bin/../lib/gcc/arm-none-eabi/10.3.1/../../../../arm-none-eabi/lib/thumb/v7e-m+fp/softfp/libc_nano.a(lib_a-lock.o)
                0x0000000000004e58                __retarget_lock_acquire_recursive
 .text.__retarget_lock_release_recursive
                0x0000000000004e5a        0x2 /Applications/Simplicity Studio.app/Contents/Eclipse/developer/toolchains/gnu_arm/10.3_2021.10/bin/../lib/gcc/arm-none-eabi/10.3.1/../../../../arm-none-eabi/lib/thumb/v7e-m+fp/softfp/libc_nano.a(lib_a-lock.o)
                0x0000000000004e5a                __retarget_lock_release_recursive
 .text.__swhatbuf_r
                0x0000000000004e5c       0x4a /Applications/Simplicity Studio.app/Contents/Eclipse/developer/toolchains/gnu_arm/10.3_2021.10/bin/../lib/gcc/arm-none-eabi/10.3.1/../../../../arm-none-eabi/lib/thumb/v7e-m+fp/softfp/libc_nano.a(lib_a-makebuf.o)
                0x0000000000004e5c                __swhatbuf_r
 .text.__sfputc_r
                0x0000000000004ea6       0x2e /Applications/Simplicity Studio.app/Contents/Eclipse/developer/toolchains/gnu_arm/10.3_2021.10/bin/../lib/gcc/arm-none-eabi/10.3.1/../../../../arm-none-eabi/lib/thumb/v7e-m+fp/softfp/libc_nano.a(lib_a-nano-vfprintf.o)
 .text.__sfputs_r
                0x0000000000004ed4       0x24 /Applications/Simplicity Studio.app/Contents/Eclipse/developer/toolchains/gnu_arm/10.3_2021.10/bin/../lib/gcc/arm-none-eabi/10.3.1/../../../../arm-none-eabi/lib/thumb/v7e-m+fp/softfp/libc_nano.a(lib_a-nano-vfprintf.o)
                0x0000000000004ed4                __sfputs_r
 .text._printf_common
                0x0000000000004ef8       0xda /Applications/Simplicity Studio.app/Contents/Eclipse/developer/toolchains/gnu_arm/10.3_2021.10/bin/../lib/gcc/arm-none-eabi/10.3.1/../../../../arm-none-eabi/lib/thumb/v7e-m+fp/softfp/libc_nano.a(lib_a-nano-vfprintf_i.o)
                0x0000000000004ef8                _printf_common
 .text.__sread  0x0000000000004fd2       0x22 /Applications/Simplicity Studio.app/Contents/Eclipse/developer/toolchains/gnu_arm/10.3_2021.10/bin/../lib/gcc/arm-none-eabi/10.3.1/../../../../arm-none-eabi/lib/thumb/v7e-m+fp/softfp/libc_nano.a(lib_a-stdio.o)
                0x0000000000004fd2                __sread
 .text.__swrite
                0x0000000000004ff4       0x38 /Applications/Simplicity Studio.app/Contents/Eclipse/developer/toolchains/gnu_arm/10.3_2021.10/bin/../lib/gcc/arm-none-eabi/10.3.1/../../../../arm-none-eabi/lib/thumb/v7e-m+fp/softfp/libc_nano.a(lib_a-stdio.o)
                0x0000000000004ff4                __swrite
 .text.__sseek  0x000000000000502c       0x24 /Applications/Simplicity Studio.app/Contents/Eclipse/developer/toolchains/gnu_arm/10.3_2021.10/bin/../lib/gcc/arm-none-eabi/10.3.1/../../../../arm-none-eabi/lib/thumb/v7e-m+fp/softfp/libc_nano.a(lib_a-stdio.o)
                0x000000000000502c                __sseek
 .text.__sclose
                0x0000000000005050        0x8 /Applications/Simplicity Studio.app/Contents/Eclipse/developer/toolchains/gnu_arm/10.3_2021.10/bin/../lib/gcc/arm-none-eabi/10.3.1/../../../../arm-none-eabi/lib/thumb/v7e-m+fp/softfp/libc_nano.a(lib_a-stdio.o)
                0x0000000000005050                __sclose
 .text.lflush   0x0000000000005058       0x12 /Applications/Simplicity Studio.app/Contents/Eclipse/developer/toolchains/gnu_arm/10.3_2021.10/bin/../lib/gcc/arm-none-eabi/10.3.1/../../../../arm-none-eabi/lib/thumb/v7e-m+fp/softfp/libc_nano.a(lib_a-refill.o)
                0x000000000000506a                linker_code_end = .
 *(.init)
 *fill*         0x000000000000506a        0x2 
 .init          0x000000000000506c        0x4 /Applications/Simplicity Studio.app/Contents/Eclipse/developer/toolchains/gnu_arm/10.3_2021.10/bin/../lib/gcc/arm-none-eabi/10.3.1/thumb/v7e-m+fp/softfp/crti.o
                0x000000000000506c                _init
 .init          0x0000000000005070        0x8 /Applications/Simplicity Studio.app/Contents/Eclipse/developer/toolchains/gnu_arm/10.3_2021.10/bin/../lib/gcc/arm-none-eabi/10.3.1/thumb/v7e-m+fp/softfp/crtn.o
 *(.fini)
 .fini          0x0000000000005078        0x4 /Applications/Simplicity Studio.app/Contents/Eclipse/developer/toolchains/gnu_arm/10.3_2021.10/bin/../lib/gcc/arm-none-eabi/10.3.1/thumb/v7e-m+fp/softfp/crti.o
                0x0000000000005078                _fini
 .fini          0x000000000000507c        0x8 /Applications/Simplicity Studio.app/Contents/Eclipse/developer/toolchains/gnu_arm/10.3_2021.10/bin/../lib/gcc/arm-none-eabi/10.3.1/thumb/v7e-m+fp/softfp/crtn.o
 *crtbegin.o(.ctors)
 *crtbegin?.o(.ctors)
 *(EXCLUDE_FILE(*crtend.o *crtend?.o) .ctors)
 *(SORT_BY_NAME(.ctors.*))
 *(.ctors)
 *crtbegin.o(.dtors)
 *crtbegin?.o(.dtors)
 *(EXCLUDE_FILE(*crtend.o *crtend?.o) .dtors)
 *(SORT_BY_NAME(.dtors.*))
 *(.dtors)
 *(.rodata*)
 .rodata.app_iostream_usart_init.str1.1
                0x0000000000005084      0x186 ./app_iostream_usart.o
 .rodata.app_iostream_usart_process_action.str1.1
                0x000000000000520a       0x2f ./app_iostream_usart.o
                                         0x32 (size before relaxing)
 .rodata.sl_iostream_usart_init_vcom.str1.1
                0x0000000000005239       0x2e ./autogen/sl_iostream_init_usart_instances.o
 *fill*         0x0000000000005267        0x1 
 .rodata        0x0000000000005268       0x28 ./autogen/sl_iostream_init_usart_instances.o
 .rodata.CSWTCH.3
                0x0000000000005290       0x20 ./gecko_sdk_4.2.0/platform/Device/SiliconLabs/EFM32GG11B/Source/system_efm32gg11b.o
 .rodata        0x00000000000052b0        0x4 ./gecko_sdk_4.2.0/platform/emdrv/dmadrv/src/dmadrv.o
 .rodata.flashWaitStateControl.str1.1
                0x00000000000052b4       0x4c ./gecko_sdk_4.2.0/platform/emlib/src/em_cmu.o
 .rodata.SL_Log2ToDiv.str1.1
                0x0000000000005300       0x51 ./gecko_sdk_4.2.0/platform/emlib/src/em_cmu.o
 .rodata.CMU_PrescToLog2.str1.1
                0x0000000000005351       0x4d ./gecko_sdk_4.2.0/platform/emlib/src/em_cmu.o
 .rodata.CSWTCH.104
                0x000000000000539e        0x3 ./gecko_sdk_4.2.0/platform/emlib/src/em_cmu.o
 .rodata.CSWTCH.61
                0x00000000000053a1        0x6 ./gecko_sdk_4.2.0/platform/emlib/src/em_cmu.o
 .rodata.CSWTCH.62
                0x00000000000053a7        0x4 ./gecko_sdk_4.2.0/platform/emlib/src/em_cmu.o
 .rodata.CSWTCH.63
                0x00000000000053ab        0x4 ./gecko_sdk_4.2.0/platform/emlib/src/em_cmu.o
 .rodata.CSWTCH.66
                0x00000000000053af        0x6 ./gecko_sdk_4.2.0/platform/emlib/src/em_cmu.o
 .rodata.CSWTCH.92
                0x00000000000053b5        0x6 ./gecko_sdk_4.2.0/platform/emlib/src/em_cmu.o
 .rodata.CSWTCH.93
                0x00000000000053bb        0x6 ./gecko_sdk_4.2.0/platform/emlib/src/em_cmu.o
 *fill*         0x00000000000053c1        0x1 
 .rodata.CSWTCH.94
                0x00000000000053c2        0xc ./gecko_sdk_4.2.0/platform/emlib/src/em_cmu.o
 .rodata.CSWTCH.95
                0x00000000000053ce        0xc ./gecko_sdk_4.2.0/platform/emlib/src/em_cmu.o
 *fill*         0x00000000000053da        0x2 
 .rodata.flashWsTable
                0x00000000000053dc       0x38 ./gecko_sdk_4.2.0/platform/emlib/src/em_cmu.o
 .rodata.lpGetDevinfoVrefLowHigh.str1.1
                0x0000000000005414       0x4c ./gecko_sdk_4.2.0/platform/emlib/src/em_emu.o
 .rodata.GPIO_PinOutSet.str1.1
                0x0000000000005460       0x4e ./gecko_sdk_4.2.0/platform/emlib/src/em_gpio.o
 .rodata.GPIO_DbgLocationSet.str1.1
                0x00000000000054ae       0x4d ./gecko_sdk_4.2.0/platform/emlib/src/em_gpio.o
 .rodata.LDMA_EnableChannelRequest.str1.1
                0x00000000000054fb       0x9a ./gecko_sdk_4.2.0/platform/emlib/src/em_ldma.o
 .rodata.USART_BaudrateAsyncSet.str1.1
                0x0000000000005595       0x4e ./gecko_sdk_4.2.0/platform/emlib/src/em_usart.o
 *fill*         0x00000000000055e3        0x1 
 .rodata        0x00000000000055e4       0x10 ./gecko_sdk_4.2.0/platform/service/device_init/src/sl_device_init_dcdc_s1.o
 .rodata        0x00000000000055f4        0xc ./gecko_sdk_4.2.0/platform/service/device_init/src/sl_device_init_hfxo_s1.o
 .rodata        0x0000000000005600        0x4 ./gecko_sdk_4.2.0/platform/service/device_init/src/sl_device_init_lfxo_s1.o
 .rodata._write.str1.1
                0x0000000000005604       0x6b ./gecko_sdk_4.2.0/platform/service/iostream/src/sl_iostream_retarget_stdio.o
 .rodata.uart_deinit.str1.1
                0x000000000000566f       0x61 ./gecko_sdk_4.2.0/platform/service/iostream/src/sl_iostream_uart.o
 .rodata._DoInit.str1.1
                0x00000000000056d0        0x9 ./gecko_sdk_4.2.0/util/third_party/segger/systemview/SEGGER/SEGGER_RTT.o
 .rodata._aInitStr.0
                0x00000000000056d9       0x11 ./gecko_sdk_4.2.0/util/third_party/segger/systemview/SEGGER/SEGGER_RTT.o
 .rodata._aTerminalId
                0x00000000000056ea       0x10 ./gecko_sdk_4.2.0/util/third_party/segger/systemview/SEGGER/SEGGER_RTT.o
 *fill*         0x00000000000056fa        0x2 
 .rodata._global_impure_ptr
                0x00000000000056fc        0x4 /Applications/Simplicity Studio.app/Contents/Eclipse/developer/toolchains/gnu_arm/10.3_2021.10/bin/../lib/gcc/arm-none-eabi/10.3.1/../../../../arm-none-eabi/lib/thumb/v7e-m+fp/softfp/libc_nano.a(lib_a-impure.o)
                0x00000000000056fc                _global_impure_ptr
 .rodata.__sf_fake_stderr
                0x0000000000005700       0x20 /Applications/Simplicity Studio.app/Contents/Eclipse/developer/toolchains/gnu_arm/10.3_2021.10/bin/../lib/gcc/arm-none-eabi/10.3.1/../../../../arm-none-eabi/lib/thumb/v7e-m+fp/softfp/libc_nano.a(lib_a-findfp.o)
                0x0000000000005700                __sf_fake_stderr
 .rodata.__sf_fake_stdin
                0x0000000000005720       0x20 /Applications/Simplicity Studio.app/Contents/Eclipse/developer/toolchains/gnu_arm/10.3_2021.10/bin/../lib/gcc/arm-none-eabi/10.3.1/../../../../arm-none-eabi/lib/thumb/v7e-m+fp/softfp/libc_nano.a(lib_a-findfp.o)
                0x0000000000005720                __sf_fake_stdin
 .rodata.__sf_fake_stdout
                0x0000000000005740       0x20 /Applications/Simplicity Studio.app/Contents/Eclipse/developer/toolchains/gnu_arm/10.3_2021.10/bin/../lib/gcc/arm-none-eabi/10.3.1/../../../../arm-none-eabi/lib/thumb/v7e-m+fp/softfp/libc_nano.a(lib_a-findfp.o)
                0x0000000000005740                __sf_fake_stdout
 .rodata._vfprintf_r.str1.1
                0x0000000000005760       0x11 /Applications/Simplicity Studio.app/Contents/Eclipse/developer/toolchains/gnu_arm/10.3_2021.10/bin/../lib/gcc/arm-none-eabi/10.3.1/../../../../arm-none-eabi/lib/thumb/v7e-m+fp/softfp/libc_nano.a(lib_a-nano-vfprintf.o)
 .rodata._printf_i.str1.1
                0x0000000000005771       0x22 /Applications/Simplicity Studio.app/Contents/Eclipse/developer/toolchains/gnu_arm/10.3_2021.10/bin/../lib/gcc/arm-none-eabi/10.3.1/../../../../arm-none-eabi/lib/thumb/v7e-m+fp/softfp/libc_nano.a(lib_a-nano-vfprintf_i.o)
 *(.eh_frame*)
 *fill*         0x0000000000005793        0x1 
 .eh_frame      0x0000000000005794        0x0 /Applications/Simplicity Studio.app/Contents/Eclipse/developer/toolchains/gnu_arm/10.3_2021.10/bin/../lib/gcc/arm-none-eabi/10.3.1/thumb/v7e-m+fp/softfp/crtbegin.o

.glue_7         0x0000000000005794        0x0
 .glue_7        0x0000000000005794        0x0 linker stubs

.glue_7t        0x0000000000005794        0x0
 .glue_7t       0x0000000000005794        0x0 linker stubs

.vfp11_veneer   0x0000000000005794        0x0
 .vfp11_veneer  0x0000000000005794        0x0 linker stubs

.v4_bx          0x0000000000005794        0x0
 .v4_bx         0x0000000000005794        0x0 linker stubs

.iplt           0x0000000000005794        0x0
 .iplt          0x0000000000005794        0x0 /Applications/Simplicity Studio.app/Contents/Eclipse/developer/toolchains/gnu_arm/10.3_2021.10/bin/../lib/gcc/arm-none-eabi/10.3.1/thumb/v7e-m+fp/softfp/crtbegin.o

.ARM.extab
 *(.ARM.extab* .gnu.linkonce.armextab.*)
                0x0000000000005794                __exidx_start = .

.ARM.exidx      0x0000000000005794        0x8
 *(.ARM.exidx* .gnu.linkonce.armexidx.*)
 .ARM.exidx     0x0000000000005794        0x8 /Applications/Simplicity Studio.app/Contents/Eclipse/developer/toolchains/gnu_arm/10.3_2021.10/bin/../lib/gcc/arm-none-eabi/10.3.1/../../../../arm-none-eabi/lib/thumb/v7e-m+fp/softfp/crt0.o
                                         0x10 (size before relaxing)
                0x000000000000579c                __exidx_end = .

.rel.dyn        0x000000000000579c        0x0
 .rel.iplt      0x000000000000579c        0x0 /Applications/Simplicity Studio.app/Contents/Eclipse/developer/toolchains/gnu_arm/10.3_2021.10/bin/../lib/gcc/arm-none-eabi/10.3.1/thumb/v7e-m+fp/softfp/crtbegin.o

.copy.table     0x000000000000579c        0xc
                0x000000000000579c                . = ALIGN (0x4)
                0x000000000000579c                __copy_table_start__ = .
                0x000000000000579c        0x4 LONG 0x57a8 __etext
                0x00000000000057a0        0x4 LONG 0x20001000 __data_start__
                0x00000000000057a4        0x4 LONG 0x27 ((__data_end__ - __data_start__) / 0x4)
                0x00000000000057a8                __copy_table_end__ = .

.zero.table     0x00000000000057a8        0x0
                0x00000000000057a8                . = ALIGN (0x4)
                0x00000000000057a8                __zero_table_start__ = .
                0x00000000000057a8                __zero_table_end__ = .
                0x00000000000057a8                __etext = .
                0x0000000020000000                . = ORIGIN (RAM)

.stack          0x0000000020000000     0x1000
                0x0000000020000000                __StackLimit = .
 *(.stack*)
 .stack         0x0000000020000000     0x1000 ./gecko_sdk_4.2.0/platform/common/toolchain/src/sl_memory.o
                0x0000000020001000                . = ALIGN (0x4)
                0x0000000020001000                __StackTop = .
                0x0000000020001000                PROVIDE (__stack = __StackTop)

.noinit
 *(.noinit*)

.data           0x0000000020001000       0x9c load address 0x00000000000057a8
                0x0000000020001000                . = ALIGN (0x4)
                0x0000000020001000                __data_start__ = .
 *(vtable)
 *(SORT_BY_ALIGNMENT(.data*))
 .data.SystemCoreClock
                0x0000000020001000        0x4 ./gecko_sdk_4.2.0/platform/Device/SiliconLabs/EFM32GG11B/Source/system_efm32gg11b.o
                0x0000000020001000                SystemCoreClock
 .data.SystemHFXOClock
                0x0000000020001004        0x4 ./gecko_sdk_4.2.0/platform/Device/SiliconLabs/EFM32GG11B/Source/system_efm32gg11b.o
 .data.SystemHfrcoFreq
                0x0000000020001008        0x4 ./gecko_sdk_4.2.0/platform/Device/SiliconLabs/EFM32GG11B/Source/system_efm32gg11b.o
                0x0000000020001008                SystemHfrcoFreq
 .data.SystemLFXOClock
                0x000000002000100c        0x4 ./gecko_sdk_4.2.0/platform/Device/SiliconLabs/EFM32GG11B/Source/system_efm32gg11b.o
 .data.heap_end.0
                0x0000000020001010        0x4 ./gecko_sdk_4.2.0/platform/common/toolchain/src/sl_memory.o
 .data.auxHfrcoFreq
                0x0000000020001014        0x4 ./gecko_sdk_4.2.0/platform/emlib/src/em_cmu.o
 .data.ushfrcoFreq
                0x0000000020001018        0x4 ./gecko_sdk_4.2.0/platform/emlib/src/em_cmu.o
 .data.sl_iostream_rtt
                0x000000002000101c        0xc ./gecko_sdk_4.2.0/platform/service/iostream/src/sl_iostream_rtt.o
 .data.sl_iostream_rtt_handle
                0x0000000020001028        0x4 ./gecko_sdk_4.2.0/platform/service/iostream/src/sl_iostream_rtt.o
                0x0000000020001028                sl_iostream_rtt_handle
 .data._impure_ptr
                0x000000002000102c        0x4 /Applications/Simplicity Studio.app/Contents/Eclipse/developer/toolchains/gnu_arm/10.3_2021.10/bin/../lib/gcc/arm-none-eabi/10.3.1/../../../../arm-none-eabi/lib/thumb/v7e-m+fp/softfp/libc_nano.a(lib_a-impure.o)
                0x000000002000102c                _impure_ptr
 .data.impure_data
                0x0000000020001030       0x60 /Applications/Simplicity Studio.app/Contents/Eclipse/developer/toolchains/gnu_arm/10.3_2021.10/bin/../lib/gcc/arm-none-eabi/10.3.1/../../../../arm-none-eabi/lib/thumb/v7e-m+fp/softfp/libc_nano.a(lib_a-impure.o)
 .data.lfxo_precision
                0x0000000020001090        0x2 ./gecko_sdk_4.2.0/platform/emlib/src/em_cmu.o
 .data.print_welcome.1
                0x0000000020001092        0x1 ./app_iostream_usart.o
                0x0000000020001094                . = ALIGN (0x4)
 *fill*         0x0000000020001093        0x1 
                [!provide]                        PROVIDE (__ram_func_section_start = .)
 *(.ram)
                [!provide]                        PROVIDE (__ram_func_section_end = .)
                0x0000000020001094                . = ALIGN (0x4)
                0x0000000020001094                PROVIDE (__preinit_array_start = .)
 *(.preinit_array)
                0x0000000020001094                PROVIDE (__preinit_array_end = .)
                0x0000000020001094                . = ALIGN (0x4)
                0x0000000020001094                PROVIDE (__init_array_start = .)
 *(SORT_BY_NAME(.init_array.*))
 *(.init_array)
 .init_array    0x0000000020001094        0x4 /Applications/Simplicity Studio.app/Contents/Eclipse/developer/toolchains/gnu_arm/10.3_2021.10/bin/../lib/gcc/arm-none-eabi/10.3.1/thumb/v7e-m+fp/softfp/crtbegin.o
                0x0000000020001098                PROVIDE (__init_array_end = .)
                0x0000000020001098                . = ALIGN (0x4)
                [!provide]                        PROVIDE (__fini_array_start = .)
 *(SORT_BY_NAME(.fini_array.*))
 *(.fini_array)
 .fini_array    0x0000000020001098        0x4 /Applications/Simplicity Studio.app/Contents/Eclipse/developer/toolchains/gnu_arm/10.3_2021.10/bin/../lib/gcc/arm-none-eabi/10.3.1/thumb/v7e-m+fp/softfp/crtbegin.o
                [!provide]                        PROVIDE (__fini_array_end = .)
                0x000000002000109c                . = ALIGN (0x4)
                0x000000002000109c                __data_end__ = .

.igot.plt       0x000000002000109c        0x0 load address 0x0000000000005844
 .igot.plt      0x000000002000109c        0x0 /Applications/Simplicity Studio.app/Contents/Eclipse/developer/toolchains/gnu_arm/10.3_2021.10/bin/../lib/gcc/arm-none-eabi/10.3.1/thumb/v7e-m+fp/softfp/crtbegin.o

.bss            0x000000002000109c     0x11a8 load address 0x0000000000005844
                0x000000002000109c                . = ALIGN (0x4)
                0x000000002000109c                __bss_start__ = .
 *(SEGGER_RTT)
 *fill*         0x000000002000109c      0x364 
 SEGGER_RTT     0x0000000020001400      0x8a8 ./gecko_sdk_4.2.0/util/third_party/segger/systemview/SEGGER/SEGGER_RTT.o
                0x0000000020001400                _SEGGER_RTT
 *(SORT_BY_ALIGNMENT(.bss*))
 .bss           0x0000000020001ca8       0x1c /Applications/Simplicity Studio.app/Contents/Eclipse/developer/toolchains/gnu_arm/10.3_2021.10/bin/../lib/gcc/arm-none-eabi/10.3.1/thumb/v7e-m+fp/softfp/crtbegin.o
 .bss.context_vcom
                0x0000000020001cc4       0x58 ./autogen/sl_iostream_init_usart_instances.o
 .bss.sl_iostream_vcom
                0x0000000020001d1c       0x18 ./autogen/sl_iostream_init_usart_instances.o
 .bss.chTable   0x0000000020001d34      0x180 ./gecko_sdk_4.2.0/platform/emdrv/dmadrv/src/dmadrv.o
 .bss.dmaXfer   0x0000000020001eb4      0x300 ./gecko_sdk_4.2.0/platform/emdrv/dmadrv/src/dmadrv.o
 .bss.sli_iostream_default
                0x00000000200021b4        0x4 ./gecko_sdk_4.2.0/platform/service/iostream/src/sl_iostream.o
 .bss.__malloc_free_list
                0x00000000200021b8        0x4 /Applications/Simplicity Studio.app/Contents/Eclipse/developer/toolchains/gnu_arm/10.3_2021.10/bin/../lib/gcc/arm-none-eabi/10.3.1/../../../../arm-none-eabi/lib/thumb/v7e-m+fp/softfp/libc_nano.a(lib_a-nano-mallocr.o)
                0x00000000200021b8                __malloc_free_list
 .bss.__malloc_sbrk_start
                0x00000000200021bc        0x4 /Applications/Simplicity Studio.app/Contents/Eclipse/developer/toolchains/gnu_arm/10.3_2021.10/bin/../lib/gcc/arm-none-eabi/10.3.1/../../../../arm-none-eabi/lib/thumb/v7e-m+fp/softfp/libc_nano.a(lib_a-nano-mallocr.o)
                0x00000000200021bc                __malloc_sbrk_start
 .bss.errno     0x00000000200021c0        0x4 /Applications/Simplicity Studio.app/Contents/Eclipse/developer/toolchains/gnu_arm/10.3_2021.10/bin/../lib/gcc/arm-none-eabi/10.3.1/../../../../arm-none-eabi/lib/thumb/v7e-m+fp/softfp/libc_nano.a(lib_a-reent.o)
                0x00000000200021c0                errno
 .bss.dcdcEm01LoadCurrent_mA
                0x00000000200021c4        0x2 ./gecko_sdk_4.2.0/platform/emlib/src/em_emu.o
 .bss.dcdcMaxCurrent_mA
                0x00000000200021c6        0x2 ./gecko_sdk_4.2.0/platform/emlib/src/em_emu.o
 .bss.dcdcReverseCurrentControl
                0x00000000200021c8        0x2 ./gecko_sdk_4.2.0/platform/emlib/src/em_emu.o
 .bss.buffer    0x00000000200021ca       0x50 ./app_iostream_usart.o
 .bss.index.0   0x000000002000221a        0x1 ./app_iostream_usart.o
 .bss.rx_buffer_vcom
                0x000000002000221b       0x20 ./autogen/sl_iostream_init_usart_instances.o
 .bss.initialized
                0x000000002000223b        0x1 ./gecko_sdk_4.2.0/platform/emdrv/dmadrv/src/dmadrv.o
 .bss.vScaleEM01Config
                0x000000002000223c        0x1 ./gecko_sdk_4.2.0/platform/emlib/src/em_emu.o
 .bss._ActiveTerminal
                0x000000002000223d        0x1 ./gecko_sdk_4.2.0/util/third_party/segger/systemview/SEGGER/SEGGER_RTT.o
 .bss.__lock___malloc_recursive_mutex
                0x000000002000223e        0x1 /Applications/Simplicity Studio.app/Contents/Eclipse/developer/toolchains/gnu_arm/10.3_2021.10/bin/../lib/gcc/arm-none-eabi/10.3.1/../../../../arm-none-eabi/lib/thumb/v7e-m+fp/softfp/libc_nano.a(lib_a-lock.o)
                0x000000002000223e                __lock___malloc_recursive_mutex
 .bss.__lock___sfp_recursive_mutex
                0x000000002000223f        0x1 /Applications/Simplicity Studio.app/Contents/Eclipse/developer/toolchains/gnu_arm/10.3_2021.10/bin/../lib/gcc/arm-none-eabi/10.3.1/../../../../arm-none-eabi/lib/thumb/v7e-m+fp/softfp/libc_nano.a(lib_a-lock.o)
                0x000000002000223f                __lock___sfp_recursive_mutex
 .bss.__lock___sinit_recursive_mutex
                0x0000000020002240        0x1 /Applications/Simplicity Studio.app/Contents/Eclipse/developer/toolchains/gnu_arm/10.3_2021.10/bin/../lib/gcc/arm-none-eabi/10.3.1/../../../../arm-none-eabi/lib/thumb/v7e-m+fp/softfp/libc_nano.a(lib_a-lock.o)
                0x0000000020002240                __lock___sinit_recursive_mutex
 *(COMMON)
                0x0000000020002244                . = ALIGN (0x4)
 *fill*         0x0000000020002241        0x3 
                0x0000000020002244                __bss_end__ = .

.heap           0x0000000020002248    0x7ddb8
                0x0000000020002248                __HeapBase = .
                0x0000000020002248                __end__ = .
                0x0000000020002248                end = __end__
                0x0000000020002248                _end = __end__
 *(.heap*)
 .heap          0x0000000020002248      0x800 ./gecko_sdk_4.2.0/platform/common/toolchain/src/sl_memory.o
                0x0000000020080000                . = (ORIGIN (RAM) + LENGTH (RAM))
 *fill*         0x0000000020002a48    0x7d5b8 
                0x0000000020080000                __HeapLimit = .
                0x000000000007ddb8                __heap_size = (__HeapLimit - __HeapBase)
                0x0000000020080000                __ram_end__ = 0x20080000
                0x0000000000200000                __main_flash_end__ = 0x200000

.internal_storage
                0x00000000000057a8        0x0
 *(.internal_storage*)

.nvm            0x00000000000057a8        0x0
 *(.simee*)
                0x0000000000200000                linker_nvm_end = __main_flash_end__
                0x0000000000200000                linker_nvm_begin = (linker_nvm_end - SIZEOF (.nvm))
                0x0000000000000000                linker_nvm_size = SIZEOF (.nvm)
                0x0000000000200000                linker_storage_end = linker_nvm_begin
                0x0000000000200000                __nvm3Base = linker_nvm_begin
                0x0000000000200000                linker_storage_begin = (linker_storage_end - SIZEOF (.internal_storage))
                0x0000000000000000                linker_storage_size = SIZEOF (.internal_storage)
                0x0000000000000001                ASSERT ((linker_storage_begin >= (__etext + SIZEOF (.data))), FLASH memory overflowed !)
OUTPUT(iostream_rtt_GG11.axf elf32-littlearm)
LOAD linker stubs

.ARM.attributes
                0x0000000000000000       0x2e
 .ARM.attributes
                0x0000000000000000       0x1e /Applications/Simplicity Studio.app/Contents/Eclipse/developer/toolchains/gnu_arm/10.3_2021.10/bin/../lib/gcc/arm-none-eabi/10.3.1/thumb/v7e-m+fp/softfp/crti.o
 .ARM.attributes
                0x000000000000001e       0x32 /Applications/Simplicity Studio.app/Contents/Eclipse/developer/toolchains/gnu_arm/10.3_2021.10/bin/../lib/gcc/arm-none-eabi/10.3.1/thumb/v7e-m+fp/softfp/crtbegin.o
 .ARM.attributes
                0x0000000000000050       0x1c /Applications/Simplicity Studio.app/Contents/Eclipse/developer/toolchains/gnu_arm/10.3_2021.10/bin/../lib/gcc/arm-none-eabi/10.3.1/../../../../arm-none-eabi/lib/thumb/v7e-m+fp/softfp/crt0.o
 .ARM.attributes
                0x000000000000006c       0x32 ./app.o
 .ARM.attributes
                0x000000000000009e       0x32 ./app_iostream_usart.o
 .ARM.attributes
                0x00000000000000d0       0x32 ./main.o
 .ARM.attributes
                0x0000000000000102       0x32 ./autogen/sl_board_default_init.o
 .ARM.attributes
                0x0000000000000134       0x32 ./autogen/sl_device_init_clocks.o
 .ARM.attributes
                0x0000000000000166       0x32 ./autogen/sl_event_handler.o
 .ARM.attributes
                0x0000000000000198       0x32 ./autogen/sl_iostream_init_usart_instances.o
 .ARM.attributes
                0x00000000000001ca       0x32 ./gecko_sdk_4.2.0/hardware/board/src/sl_board_control_gpio.o
 .ARM.attributes
                0x00000000000001fc       0x32 ./gecko_sdk_4.2.0/hardware/board/src/sl_board_init.o
 .ARM.attributes
                0x000000000000022e       0x32 ./gecko_sdk_4.2.0/platform/Device/SiliconLabs/EFM32GG11B/Source/startup_efm32gg11b.o
 .ARM.attributes
                0x0000000000000260       0x32 ./gecko_sdk_4.2.0/platform/Device/SiliconLabs/EFM32GG11B/Source/system_efm32gg11b.o
 .ARM.attributes
                0x0000000000000292       0x32 ./gecko_sdk_4.2.0/platform/common/src/sl_assert.o
 .ARM.attributes
                0x00000000000002c4       0x32 ./gecko_sdk_4.2.0/platform/common/src/sl_string.o
 .ARM.attributes
                0x00000000000002f6       0x32 ./gecko_sdk_4.2.0/platform/common/toolchain/src/sl_memory.o
 .ARM.attributes
                0x0000000000000328       0x32 ./gecko_sdk_4.2.0/platform/emdrv/dmadrv/src/dmadrv.o
 .ARM.attributes
                0x000000000000035a       0x32 ./gecko_sdk_4.2.0/platform/emlib/src/em_cmu.o
 .ARM.attributes
                0x000000000000038c       0x32 ./gecko_sdk_4.2.0/platform/emlib/src/em_core.o
 .ARM.attributes
                0x00000000000003be       0x32 ./gecko_sdk_4.2.0/platform/emlib/src/em_emu.o
 .ARM.attributes
                0x00000000000003f0       0x32 ./gecko_sdk_4.2.0/platform/emlib/src/em_gpio.o
 .ARM.attributes
                0x0000000000000422       0x32 ./gecko_sdk_4.2.0/platform/emlib/src/em_ldma.o
 .ARM.attributes
                0x0000000000000454       0x32 ./gecko_sdk_4.2.0/platform/emlib/src/em_usart.o
 .ARM.attributes
                0x0000000000000486       0x32 ./gecko_sdk_4.2.0/platform/service/device_init/src/sl_device_init_dcdc_s1.o
 .ARM.attributes
                0x00000000000004b8       0x32 ./gecko_sdk_4.2.0/platform/service/device_init/src/sl_device_init_emu_s1.o
 .ARM.attributes
                0x00000000000004ea       0x32 ./gecko_sdk_4.2.0/platform/service/device_init/src/sl_device_init_hfxo_s1.o
 .ARM.attributes
                0x000000000000051c       0x32 ./gecko_sdk_4.2.0/platform/service/device_init/src/sl_device_init_lfxo_s1.o
 .ARM.attributes
                0x000000000000054e       0x32 ./gecko_sdk_4.2.0/platform/service/device_init/src/sl_device_init_nvic.o
 .ARM.attributes
                0x0000000000000580       0x32 ./gecko_sdk_4.2.0/platform/service/iostream/src/sl_iostream.o
 .ARM.attributes
                0x00000000000005b2       0x32 ./gecko_sdk_4.2.0/platform/service/iostream/src/sl_iostream_retarget_stdio.o
 .ARM.attributes
                0x00000000000005e4       0x32 ./gecko_sdk_4.2.0/platform/service/iostream/src/sl_iostream_rtt.o
 .ARM.attributes
                0x0000000000000616       0x32 ./gecko_sdk_4.2.0/platform/service/iostream/src/sl_iostream_uart.o
 .ARM.attributes
                0x0000000000000648       0x32 ./gecko_sdk_4.2.0/platform/service/iostream/src/sl_iostream_usart.o
 .ARM.attributes
                0x000000000000067a       0x32 ./gecko_sdk_4.2.0/platform/service/system/src/sl_system_init.o
 .ARM.attributes
                0x00000000000006ac       0x32 ./gecko_sdk_4.2.0/platform/service/system/src/sl_system_process_action.o
 .ARM.attributes
                0x00000000000006de       0x32 ./gecko_sdk_4.2.0/util/third_party/segger/systemview/SEGGER/SEGGER_RTT.o
 .ARM.attributes
                0x0000000000000710       0x32 /Applications/Simplicity Studio.app/Contents/Eclipse/developer/toolchains/gnu_arm/10.3_2021.10/bin/../lib/gcc/arm-none-eabi/10.3.1/../../../../arm-none-eabi/lib/thumb/v7e-m+fp/softfp/libc_nano.a(lib_a-exit.o)
 .ARM.attributes
                0x0000000000000742       0x32 /Applications/Simplicity Studio.app/Contents/Eclipse/developer/toolchains/gnu_arm/10.3_2021.10/bin/../lib/gcc/arm-none-eabi/10.3.1/../../../../arm-none-eabi/lib/thumb/v7e-m+fp/softfp/libc_nano.a(lib_a-getchar.o)
 .ARM.attributes
                0x0000000000000774       0x32 /Applications/Simplicity Studio.app/Contents/Eclipse/developer/toolchains/gnu_arm/10.3_2021.10/bin/../lib/gcc/arm-none-eabi/10.3.1/../../../../arm-none-eabi/lib/thumb/v7e-m+fp/softfp/libc_nano.a(lib_a-impure.o)
 .ARM.attributes
                0x00000000000007a6       0x32 /Applications/Simplicity Studio.app/Contents/Eclipse/developer/toolchains/gnu_arm/10.3_2021.10/bin/../lib/gcc/arm-none-eabi/10.3.1/../../../../arm-none-eabi/lib/thumb/v7e-m+fp/softfp/libc_nano.a(lib_a-init.o)
 .ARM.attributes
                0x00000000000007d8       0x32 /Applications/Simplicity Studio.app/Contents/Eclipse/developer/toolchains/gnu_arm/10.3_2021.10/bin/../lib/gcc/arm-none-eabi/10.3.1/../../../../arm-none-eabi/lib/thumb/v7e-m+fp/softfp/libc_nano.a(lib_a-memcpy-stub.o)
 .ARM.attributes
                0x000000000000080a       0x32 /Applications/Simplicity Studio.app/Contents/Eclipse/developer/toolchains/gnu_arm/10.3_2021.10/bin/../lib/gcc/arm-none-eabi/10.3.1/../../../../arm-none-eabi/lib/thumb/v7e-m+fp/softfp/libc_nano.a(lib_a-memset.o)
 .ARM.attributes
                0x000000000000083c       0x32 /Applications/Simplicity Studio.app/Contents/Eclipse/developer/toolchains/gnu_arm/10.3_2021.10/bin/../lib/gcc/arm-none-eabi/10.3.1/../../../../arm-none-eabi/lib/thumb/v7e-m+fp/softfp/libc_nano.a(lib_a-printf.o)
 .ARM.attributes
                0x000000000000086e       0x32 /Applications/Simplicity Studio.app/Contents/Eclipse/developer/toolchains/gnu_arm/10.3_2021.10/bin/../lib/gcc/arm-none-eabi/10.3.1/../../../../arm-none-eabi/lib/thumb/v7e-m+fp/softfp/libc_nano.a(lib_a-setvbuf.o)
 .ARM.attributes
                0x00000000000008a0       0x17 /Applications/Simplicity Studio.app/Contents/Eclipse/developer/toolchains/gnu_arm/10.3_2021.10/bin/../lib/gcc/arm-none-eabi/10.3.1/../../../../arm-none-eabi/lib/thumb/v7e-m+fp/softfp/libc_nano.a(lib_a-strlen.o)
 .ARM.attributes
                0x00000000000008b7       0x32 /Applications/Simplicity Studio.app/Contents/Eclipse/developer/toolchains/gnu_arm/10.3_2021.10/bin/../lib/gcc/arm-none-eabi/10.3.1/../../../../arm-none-eabi/lib/thumb/v7e-m+fp/softfp/libc_nano.a(lib_a-fflush.o)
 .ARM.attributes
                0x00000000000008e9       0x32 /Applications/Simplicity Studio.app/Contents/Eclipse/developer/toolchains/gnu_arm/10.3_2021.10/bin/../lib/gcc/arm-none-eabi/10.3.1/../../../../arm-none-eabi/lib/thumb/v7e-m+fp/softfp/libc_nano.a(lib_a-findfp.o)
 .ARM.attributes
                0x000000000000091b       0x32 /Applications/Simplicity Studio.app/Contents/Eclipse/developer/toolchains/gnu_arm/10.3_2021.10/bin/../lib/gcc/arm-none-eabi/10.3.1/../../../../arm-none-eabi/lib/thumb/v7e-m+fp/softfp/libc_nano.a(lib_a-fwalk.o)
 .ARM.attributes
                0x000000000000094d       0x32 /Applications/Simplicity Studio.app/Contents/Eclipse/developer/toolchains/gnu_arm/10.3_2021.10/bin/../lib/gcc/arm-none-eabi/10.3.1/../../../../arm-none-eabi/lib/thumb/v7e-m+fp/softfp/libc_nano.a(lib_a-getc.o)
 .ARM.attributes
                0x000000000000097f       0x32 /Applications/Simplicity Studio.app/Contents/Eclipse/developer/toolchains/gnu_arm/10.3_2021.10/bin/../lib/gcc/arm-none-eabi/10.3.1/../../../../arm-none-eabi/lib/thumb/v7e-m+fp/softfp/libc_nano.a(lib_a-lock.o)
 .ARM.attributes
                0x00000000000009b1       0x32 /Applications/Simplicity Studio.app/Contents/Eclipse/developer/toolchains/gnu_arm/10.3_2021.10/bin/../lib/gcc/arm-none-eabi/10.3.1/../../../../arm-none-eabi/lib/thumb/v7e-m+fp/softfp/libc_nano.a(lib_a-makebuf.o)
 .ARM.attributes
                0x00000000000009e3       0x32 /Applications/Simplicity Studio.app/Contents/Eclipse/developer/toolchains/gnu_arm/10.3_2021.10/bin/../lib/gcc/arm-none-eabi/10.3.1/../../../../arm-none-eabi/lib/thumb/v7e-m+fp/softfp/libc_nano.a(lib_a-malloc.o)
 .ARM.attributes
                0x0000000000000a15       0x32 /Applications/Simplicity Studio.app/Contents/Eclipse/developer/toolchains/gnu_arm/10.3_2021.10/bin/../lib/gcc/arm-none-eabi/10.3.1/../../../../arm-none-eabi/lib/thumb/v7e-m+fp/softfp/libc_nano.a(lib_a-nano-freer.o)
 .ARM.attributes
                0x0000000000000a47       0x32 /Applications/Simplicity Studio.app/Contents/Eclipse/developer/toolchains/gnu_arm/10.3_2021.10/bin/../lib/gcc/arm-none-eabi/10.3.1/../../../../arm-none-eabi/lib/thumb/v7e-m+fp/softfp/libc_nano.a(lib_a-nano-mallocr.o)
 .ARM.attributes
                0x0000000000000a79       0x32 /Applications/Simplicity Studio.app/Contents/Eclipse/developer/toolchains/gnu_arm/10.3_2021.10/bin/../lib/gcc/arm-none-eabi/10.3.1/../../../../arm-none-eabi/lib/thumb/v7e-m+fp/softfp/libc_nano.a(lib_a-nano-vfprintf.o)
 .ARM.attributes
                0x0000000000000aab       0x32 /Applications/Simplicity Studio.app/Contents/Eclipse/developer/toolchains/gnu_arm/10.3_2021.10/bin/../lib/gcc/arm-none-eabi/10.3.1/../../../../arm-none-eabi/lib/thumb/v7e-m+fp/softfp/libc_nano.a(lib_a-nano-vfprintf_i.o)
 .ARM.attributes
                0x0000000000000add       0x32 /Applications/Simplicity Studio.app/Contents/Eclipse/developer/toolchains/gnu_arm/10.3_2021.10/bin/../lib/gcc/arm-none-eabi/10.3.1/../../../../arm-none-eabi/lib/thumb/v7e-m+fp/softfp/libc_nano.a(lib_a-rget.o)
 .ARM.attributes
                0x0000000000000b0f       0x32 /Applications/Simplicity Studio.app/Contents/Eclipse/developer/toolchains/gnu_arm/10.3_2021.10/bin/../lib/gcc/arm-none-eabi/10.3.1/../../../../arm-none-eabi/lib/thumb/v7e-m+fp/softfp/libc_nano.a(lib_a-sbrkr.o)
 .ARM.attributes
                0x0000000000000b41       0x32 /Applications/Simplicity Studio.app/Contents/Eclipse/developer/toolchains/gnu_arm/10.3_2021.10/bin/../lib/gcc/arm-none-eabi/10.3.1/../../../../arm-none-eabi/lib/thumb/v7e-m+fp/softfp/libc_nano.a(lib_a-stdio.o)
 .ARM.attributes
                0x0000000000000b73       0x32 /Applications/Simplicity Studio.app/Contents/Eclipse/developer/toolchains/gnu_arm/10.3_2021.10/bin/../lib/gcc/arm-none-eabi/10.3.1/../../../../arm-none-eabi/lib/thumb/v7e-m+fp/softfp/libc_nano.a(lib_a-wbuf.o)
 .ARM.attributes
                0x0000000000000ba5       0x32 /Applications/Simplicity Studio.app/Contents/Eclipse/developer/toolchains/gnu_arm/10.3_2021.10/bin/../lib/gcc/arm-none-eabi/10.3.1/../../../../arm-none-eabi/lib/thumb/v7e-m+fp/softfp/libc_nano.a(lib_a-writer.o)
 .ARM.attributes
                0x0000000000000bd7       0x32 /Applications/Simplicity Studio.app/Contents/Eclipse/developer/toolchains/gnu_arm/10.3_2021.10/bin/../lib/gcc/arm-none-eabi/10.3.1/../../../../arm-none-eabi/lib/thumb/v7e-m+fp/softfp/libc_nano.a(lib_a-wsetup.o)
 .ARM.attributes
                0x0000000000000c09       0x32 /Applications/Simplicity Studio.app/Contents/Eclipse/developer/toolchains/gnu_arm/10.3_2021.10/bin/../lib/gcc/arm-none-eabi/10.3.1/../../../../arm-none-eabi/lib/thumb/v7e-m+fp/softfp/libc_nano.a(lib_a-closer.o)
 .ARM.attributes
                0x0000000000000c3b       0x32 /Applications/Simplicity Studio.app/Contents/Eclipse/developer/toolchains/gnu_arm/10.3_2021.10/bin/../lib/gcc/arm-none-eabi/10.3.1/../../../../arm-none-eabi/lib/thumb/v7e-m+fp/softfp/libc_nano.a(lib_a-fstatr.o)
 .ARM.attributes
                0x0000000000000c6d       0x32 /Applications/Simplicity Studio.app/Contents/Eclipse/developer/toolchains/gnu_arm/10.3_2021.10/bin/../lib/gcc/arm-none-eabi/10.3.1/../../../../arm-none-eabi/lib/thumb/v7e-m+fp/softfp/libc_nano.a(lib_a-isattyr.o)
 .ARM.attributes
                0x0000000000000c9f       0x32 /Applications/Simplicity Studio.app/Contents/Eclipse/developer/toolchains/gnu_arm/10.3_2021.10/bin/../lib/gcc/arm-none-eabi/10.3.1/../../../../arm-none-eabi/lib/thumb/v7e-m+fp/softfp/libc_nano.a(lib_a-lseekr.o)
 .ARM.attributes
                0x0000000000000cd1       0x1c /Applications/Simplicity Studio.app/Contents/Eclipse/developer/toolchains/gnu_arm/10.3_2021.10/bin/../lib/gcc/arm-none-eabi/10.3.1/../../../../arm-none-eabi/lib/thumb/v7e-m+fp/softfp/libc_nano.a(lib_a-memchr.o)
 .ARM.attributes
                0x0000000000000ced       0x32 /Applications/Simplicity Studio.app/Contents/Eclipse/developer/toolchains/gnu_arm/10.3_2021.10/bin/../lib/gcc/arm-none-eabi/10.3.1/../../../../arm-none-eabi/lib/thumb/v7e-m+fp/softfp/libc_nano.a(lib_a-mlock.o)
 .ARM.attributes
                0x0000000000000d1f       0x32 /Applications/Simplicity Studio.app/Contents/Eclipse/developer/toolchains/gnu_arm/10.3_2021.10/bin/../lib/gcc/arm-none-eabi/10.3.1/../../../../arm-none-eabi/lib/thumb/v7e-m+fp/softfp/libc_nano.a(lib_a-readr.o)
 .ARM.attributes
                0x0000000000000d51       0x32 /Applications/Simplicity Studio.app/Contents/Eclipse/developer/toolchains/gnu_arm/10.3_2021.10/bin/../lib/gcc/arm-none-eabi/10.3.1/../../../../arm-none-eabi/lib/thumb/v7e-m+fp/softfp/libc_nano.a(lib_a-reent.o)
 .ARM.attributes
                0x0000000000000d83       0x32 /Applications/Simplicity Studio.app/Contents/Eclipse/developer/toolchains/gnu_arm/10.3_2021.10/bin/../lib/gcc/arm-none-eabi/10.3.1/../../../../arm-none-eabi/lib/thumb/v7e-m+fp/softfp/libc_nano.a(lib_a-refill.o)
 .ARM.attributes
                0x0000000000000db5       0x1e /Applications/Simplicity Studio.app/Contents/Eclipse/developer/toolchains/gnu_arm/10.3_2021.10/bin/../lib/gcc/arm-none-eabi/10.3.1/thumb/v7e-m+fp/softfp/crtn.o

.comment        0x0000000000000000       0x49
 .comment       0x0000000000000000       0x49 ./app.o
                                         0x4a (size before relaxing)
 .comment       0x0000000000000049       0x4a ./app_iostream_usart.o
 .comment       0x0000000000000049       0x4a ./main.o
 .comment       0x0000000000000049       0x4a ./autogen/sl_board_default_init.o
 .comment       0x0000000000000049       0x4a ./autogen/sl_device_init_clocks.o
 .comment       0x0000000000000049       0x4a ./autogen/sl_event_handler.o
 .comment       0x0000000000000049       0x4a ./autogen/sl_iostream_init_usart_instances.o
 .comment       0x0000000000000049       0x4a ./gecko_sdk_4.2.0/hardware/board/src/sl_board_control_gpio.o
 .comment       0x0000000000000049       0x4a ./gecko_sdk_4.2.0/hardware/board/src/sl_board_init.o
 .comment       0x0000000000000049       0x4a ./gecko_sdk_4.2.0/platform/Device/SiliconLabs/EFM32GG11B/Source/startup_efm32gg11b.o